 Reading the input from the file : dvr.inp
 **********
 Setting up these parameters:
 para%r_min     =     0.00
 para%r_max     =    20.00
 para%m         =      200
 para%nl        =        5
 para%nr        =     1001
 para%l_max     =        3
 para%nev     =      501
 para%Z         =        2
 para%mass      =     1.00
 ***********
 Initializing the GLL grid ...
    Original grid parameters were changed by differential map
               original                 after mapping
    r_min    0.00000000000000000E+00  0.00000000000000000E+00
    r_max    2.00000000000000000E+01  1.57118935079587860E+01
    nr         1001                        1001
 Using potential from file input_pot.in
   
 Grid initialization is done.
 Solving the radial Schroedinger equation for l =            0
 Time taken for first step of diagonalization =     2.83218 seconds.
 Time taken for second step of diagonalization =     2.81618 seconds.
 Time taken for diagonalization =     5.65235 seconds.
 Writing down the eigenvalues, eigenvectors and combining coefficients as demanded ...
 Solving the radial Schroedinger equation for l =            1
 Time taken for first step of diagonalization =     2.82818 seconds.
 Time taken for second step of diagonalization =     2.80818 seconds.
 Time taken for diagonalization =     5.64035 seconds.
 Writing down the eigenvalues, eigenvectors and combining coefficients as demanded ...
 Solving the radial Schroedinger equation for l =            2
 Time taken for first step of diagonalization =     2.83218 seconds.
 Time taken for second step of diagonalization =     2.80818 seconds.
 Time taken for diagonalization =     5.64435 seconds.
 Writing down the eigenvalues, eigenvectors and combining coefficients as demanded ...
 Solving the radial Schroedinger equation for l =            3
 Time taken for first step of diagonalization =     2.83218 seconds.
 Time taken for second step of diagonalization =     2.81618 seconds.
 Time taken for diagonalization =     5.65235 seconds.
 Writing down the eigenvalues, eigenvectors and combining coefficients as demanded ...
 Solving the radial Schroedinger equation for l =            4
 Time taken for first step of diagonalization =     2.83218 seconds.
 Time taken for second step of diagonalization =     2.80418 seconds.
 Time taken for diagonalization =     5.64035 seconds.
 Writing down the eigenvalues, eigenvectors and combining coefficients as demanded ...
 Solving the radial Schroedinger equation for l =            5
 Time taken for first step of diagonalization =     2.82818 seconds.
 Time taken for second step of diagonalization =     2.81618 seconds.
 Time taken for diagonalization =     5.64835 seconds.
 Writing down the eigenvalues, eigenvectors and combining coefficients as demanded ...
 Solving the radial Schroedinger equation for l =            6
 Time taken for first step of diagonalization =     2.82818 seconds.
 Time taken for second step of diagonalization =     2.82018 seconds.
 Time taken for diagonalization =     5.65236 seconds.
 Writing down the eigenvalues, eigenvectors and combining coefficients as demanded ...
 Calculating one-electron radial part of the integral for l =            0
 DEBUGING   2.00000000000000     
 Calculating one-electron radial part of the integral for l =            1
 DEBUGING   2.00000000000000     
 Calculating one-electron radial part of the integral for l =            2
 DEBUGING   2.00000000000000     
 Calculating one-electron radial part of the integral for l =            3
 DEBUGING   2.00000000000000     
 Calculating one-electron radial part of the integral for l =            4
 DEBUGING   2.00000000000000     
 Calculating one-electron radial part of the integral for l =            5
 DEBUGING   2.00000000000000     
 Calculating one-electron radial part of the integral for l =            6
 DEBUGING   2.00000000000000     
 writing down the one-electron radial integrals
 Two-electron integrals are calculated directly from the corresponding expression...
 Calculating two-electron radial part of the integral for l =            0
 Calculating two-electron radial part of the integral for l =            1
 Calculating two-electron radial part of the integral for l =            2
 Calculating two-electron radial part of the integral for l =            3
 Calculating two-electron radial part of the integral for l =            4
 Calculating two-electron radial part of the integral for l =            5
 Calculating two-electron radial part of the integral for l =            6
 writing down the two-electron radial integrals
 **********
 Setting up these parameters for the spherical harmonics:
 sph_harm%n_l         =        4
 sph_harm%n_mp        =        7
 ***********
 calculating the angular integrals
 Writing down the angular integrals
           1           1           1           1
           2           1           1           2
           1           2           1           3
           1           2           2           4
           1           2           3           5
           3           1           1           6
           2           2           1           7
           2           2           2           8
           2           2           3           9
           1           3           1          10
           1           3           2          11
           1           3           3          12
           1           3           4          13
           1           3           5          14
           4           1           1          15
           3           2           1          16
           3           2           2          17
           3           2           3          18
           2           3           1          19
           2           3           2          20
           2           3           3          21
           2           3           4          22
           2           3           5          23
           1           4           1          24
           1           4           2          25
           1           4           3          26
           1           4           4          27
           1           4           5          28
           1           4           6          29
           1           4           7          30
 **********
 Setting up these parameters for the orbitals:
 orb%n_max     =        4
 orb%nSpatialOrbs     =       30
 ***********
 Time taken for 1e transformation =    0.16401 seconds.
 Time taken for 2e transformation =    2.38815 seconds.
 Time taken for combining integrals =    0.16801 seconds.
 Deallocated all the main matrices.
 The calculation is done. 
 Time =    42.9266820000000      seconds.
