
 Primary working directories    : /algpfs/samanta/scratch/mpscr.19326
 Secondary working directories  : /algpfs/samanta/scratch/mpscr.19326
 Wavefunction directory         : /home/samanta/wfu/
 Main file repository           : /algpfs/samanta/scratch/mpscr.19326/

 SHA1      : 15e287e0c8790f314a3b7626b3b23257946cfd9d
 NAME      : 2015.1.33
 ARCHNAME  : linux/x86_64
 FC        : /opt/intel/composer_xe_2015.1.133/bin/intel64/ifort
 BLASLIB   : -Wl,-_start-group /opt/intel/mkl/lib/intel64/libmkl_intel_ilp64.a /opt/intel/mkl/lib/intel64/libmkl_intel_thread.a /opt/intel/mkl/lib/intel64/libmkl_core.a -Wl,-_end-group
 id        : fkfmpg

 Nodes     nprocs
 alnode001    1

 Using customized tuning parameters: mindgm=1; mindgv=20; mindgc=4; mindgr=1; noblas=0; minvec=7
 default implementation of scratch files=df  

 ***,Fe atom, state-averaged CASSCF calculation
 
 memory,10000,m
 gprint,orbitals,basis
 
 
 geom={Be}
 
 basis=d-aug-cc-pV5Z
 
 {hf
 wf,4,1,0}
 
 {multi
 closed,1,0,0,0,0,0,0,0
 occ,2,1,1,0,1,0,0,0
 wf,4,1,0
 }
 
 core,0,0,0,0,0,0,0,0
 fci;dump
 
 put,molden,Be.molden

 Variables initialized (889), CPU time= 0.00 sec
 Commands  initialized (702), CPU time= 0.01 sec, 572 directives.
 Default parameters read. Elapsed time= 0.06 sec

 Checking input...
 Passed
1


                                         ***  PROGRAM SYSTEM MOLPRO  ***
                                       Copyright, TTI GmbH Stuttgart, 2015
                                    Version 2015.1 linked May 14 2018 10:23:42


 **********************************************************************************************************************************
 LABEL *   Fe atom, state-averaged CASSCF calculation                                    
  64 bit serial version                                                                  DATE: 20-Sep-18          TIME: 10:41:13  
 **********************************************************************************************************************************

 SHA1:             15e287e0c8790f314a3b7626b3b23257946cfd9d
 **********************************************************************************************************************************


 Variable memory set to ********** words,  buffer space   230000 words

 SETTING BASIS          =    D-AUG-CC-PV5Z


 Recomputing integrals since basis changed


 Using spherical harmonics

 Library entry BE     S aug-cc-pV5Z          selected for orbital group  1
 Even tempered Be S diffuse               selected for group 1    nprim= 1    centre=  0.004    ratio= 3.226    dratio= 1.000
 Library entry BE     P aug-cc-pV5Z          selected for orbital group  1
 Even tempered Be P diffuse               selected for group 1    nprim= 1    centre=  0.002    ratio= 4.437    dratio= 1.000
 Library entry BE     D aug-cc-pV5Z          selected for orbital group  1
 Even tempered Be D diffuse               selected for group 1    nprim= 1    centre=  0.012    ratio= 3.540    dratio= 1.000
 Library entry BE     F aug-cc-pV5Z          selected for orbital group  1
 Even tempered Be F diffuse               selected for group 1    nprim= 1    centre=  0.025    ratio= 2.890    dratio= 1.000
 Library entry BE     G aug-cc-pV5Z          selected for orbital group  1
 Even tempered Be G diffuse               selected for group 1    nprim= 1    centre=  0.030    ratio= 3.251    dratio= 1.000
 Library entry BE     H aug-cc-pV5Z          selected for orbital group  1
 Even tempered Be H diffuse               selected for group 1    nprim= 1    centre=  0.080    ratio= 2.529    dratio= 1.000


 PROGRAM * SEWARD (Integral evaluation for generally contracted gaussian basis sets)     Author: Roland Lindh, 1990

 Geometry written to block  1 of record 700

 Orientation using atomic masses  
 Molecule type: Atom
 Symmetry elements: X,Y,Z
 Rotational constants:       0.0000000      0.0000000      0.0000000 GHz  (calculated with average atomic masses)

 Point group  D2h 



 ATOMIC COORDINATES

 NR  ATOM    CHARGE       X              Y              Z

   1  BE      4.00    0.000000000    0.000000000    0.000000000


 BASIS DATA

   Nr Sym  Nuc  Type         Exponents   Contraction coefficients

    1.1 Ag    1  1s       54620.000000     0.000018   -0.000003    0.000000    0.000000    0.000000    0.000000
    2.1 Ag                 8180.000000     0.000138   -0.000025    0.000000    0.000000    0.000000    0.000000
    3.1 Ag                 1862.000000     0.000723   -0.000131    0.000000    0.000000    0.000000    0.000000
    4.1 Ag                  527.300000     0.003039   -0.000558    0.000000    0.000000    0.000000    0.000000
    5.1 Ag                  172.000000     0.010908   -0.001988    0.000000    0.000000    0.000000    0.000000
    6.1 Ag                   62.100000     0.034035   -0.006370    0.000000    0.000000    0.000000    0.000000
                             24.210000     0.091193   -0.017217    0.000000    0.000000    0.000000    0.000000
                              9.993000     0.199268   -0.040858    0.000000    0.000000    0.000000    0.000000
                              4.305000     0.329355   -0.074237    0.000000    0.000000    0.000000    0.000000
                              1.921000     0.340489   -0.119234    0.000000    0.000000    0.000000    0.000000
                              0.866300     0.143740   -0.087777    1.000000    0.000000    0.000000    0.000000
                              0.247500     0.006517    0.278788    0.000000    1.000000    0.000000    0.000000
                              0.100900    -0.001865    0.583499    0.000000    0.000000    1.000000    0.000000
                              0.041290     0.000480    0.269007    0.000000    0.000000    0.000000    1.000000
    7.1 Ag    1  1s           0.012800     1.000000
    8.1 Ag    1  1s           0.003968     1.000000
    9.1 Ag    1  3d0          1.717500     1.000000
   10.1 Ag    1  3d2+         1.717500     1.000000
   11.1 Ag    1  3d0          0.764600     1.000000
   12.1 Ag    1  3d2+         0.764600     1.000000
   13.1 Ag    1  3d0          0.340400     1.000000
   14.1 Ag    1  3d2+         0.340400     1.000000
   15.1 Ag    1  3d0          0.151500     1.000000
   16.1 Ag    1  3d2+         0.151500     1.000000
   17.1 Ag    1  3d0          0.042800     1.000000
   18.1 Ag    1  3d2+         0.042800     1.000000
   19.1 Ag    1  3d0          0.012091     1.000000
   20.1 Ag    1  3d2+         0.012091     1.000000
   21.1 Ag    1  5g0          0.598000     1.000000
   22.1 Ag    1  5g4+         0.598000     1.000000
   23.1 Ag    1  5g2+         0.598000     1.000000
   24.1 Ag    1  5g0          0.318300     1.000000
   25.1 Ag    1  5g4+         0.318300     1.000000
   26.1 Ag    1  5g2+         0.318300     1.000000
   27.1 Ag    1  5g0          0.097900     1.000000
   28.1 Ag    1  5g4+         0.097900     1.000000
   29.1 Ag    1  5g2+         0.097900     1.000000
   30.1 Ag    1  5g0          0.030111     1.000000
   31.1 Ag    1  5g4+         0.030111     1.000000
   32.1 Ag    1  5g2+         0.030111     1.000000
    1.2 B3u   1  2px         43.750000     0.000633    0.000000    0.000000    0.000000    0.000000
    2.2 B3u                  10.330000     0.004808    0.000000    0.000000    0.000000    0.000000
    3.2 B3u                   3.226000     0.020527    0.000000    0.000000    0.000000    0.000000
    4.2 B3u                   1.127000     0.067816    0.000000    0.000000    0.000000    0.000000
    5.2 B3u                   0.433400     0.192868    1.000000    0.000000    0.000000    0.000000
                              0.180800     0.378692    0.000000    1.000000    0.000000    0.000000
                              0.078270     0.400574    0.000000    0.000000    1.000000    0.000000
                              0.033720     0.138067    0.000000    0.000000    0.000000    1.000000
    6.2 B3u   1  2px          0.007600     1.000000
    7.2 B3u   1  2px          0.001713     1.000000
    8.2 B3u   1  4f1+         0.612700     1.000000
    9.2 B3u   1  4f3+         0.612700     1.000000
   10.2 B3u   1  4f1+         0.356800     1.000000
   11.2 B3u   1  4f3+         0.356800     1.000000
   12.2 B3u   1  4f1+         0.207800     1.000000
   13.2 B3u   1  4f3+         0.207800     1.000000
   14.2 B3u   1  4f1+         0.071900     1.000000
   15.2 B3u   1  4f3+         0.071900     1.000000
   16.2 B3u   1  4f1+         0.024878     1.000000
   17.2 B3u   1  4f3+         0.024878     1.000000
   18.2 B3u   1  6h1+         0.514200     1.000000
   19.2 B3u   1  6h3+         0.514200     1.000000
   20.2 B3u   1  6h5+         0.514200     1.000000
   21.2 B3u   1  6h1+         0.203300     1.000000
   22.2 B3u   1  6h3+         0.203300     1.000000
   23.2 B3u   1  6h5+         0.203300     1.000000
   24.2 B3u   1  6h1+         0.080379     1.000000
   25.2 B3u   1  6h3+         0.080379     1.000000
   26.2 B3u   1  6h5+         0.080379     1.000000
    1.3 B2u   1  2py         43.750000     0.000633    0.000000    0.000000    0.000000    0.000000
    2.3 B2u                  10.330000     0.004808    0.000000    0.000000    0.000000    0.000000
    3.3 B2u                   3.226000     0.020527    0.000000    0.000000    0.000000    0.000000
    4.3 B2u                   1.127000     0.067816    0.000000    0.000000    0.000000    0.000000
    5.3 B2u                   0.433400     0.192868    1.000000    0.000000    0.000000    0.000000
                              0.180800     0.378692    0.000000    1.000000    0.000000    0.000000
                              0.078270     0.400574    0.000000    0.000000    1.000000    0.000000
                              0.033720     0.138067    0.000000    0.000000    0.000000    1.000000
    6.3 B2u   1  2py          0.007600     1.000000
    7.3 B2u   1  2py          0.001713     1.000000
    8.3 B2u   1  4f1-         0.612700     1.000000
    9.3 B2u   1  4f3-         0.612700     1.000000
   10.3 B2u   1  4f1-         0.356800     1.000000
   11.3 B2u   1  4f3-         0.356800     1.000000
   12.3 B2u   1  4f1-         0.207800     1.000000
   13.3 B2u   1  4f3-         0.207800     1.000000
   14.3 B2u   1  4f1-         0.071900     1.000000
   15.3 B2u   1  4f3-         0.071900     1.000000
   16.3 B2u   1  4f1-         0.024878     1.000000
   17.3 B2u   1  4f3-         0.024878     1.000000
   18.3 B2u   1  6h1-         0.514200     1.000000
   19.3 B2u   1  6h3-         0.514200     1.000000
   20.3 B2u   1  6h5-         0.514200     1.000000
   21.3 B2u   1  6h1-         0.203300     1.000000
   22.3 B2u   1  6h3-         0.203300     1.000000
   23.3 B2u   1  6h5-         0.203300     1.000000
   24.3 B2u   1  6h1-         0.080379     1.000000
   25.3 B2u   1  6h3-         0.080379     1.000000
   26.3 B2u   1  6h5-         0.080379     1.000000
    1.4 B1g   1  3d2-         1.717500     1.000000
    2.4 B1g   1  3d2-         0.764600     1.000000
    3.4 B1g   1  3d2-         0.340400     1.000000
    4.4 B1g   1  3d2-         0.151500     1.000000
    5.4 B1g   1  3d2-         0.042800     1.000000
    6.4 B1g   1  3d2-         0.012091     1.000000
    7.4 B1g   1  5g2-         0.598000     1.000000
    8.4 B1g   1  5g4-         0.598000     1.000000
    9.4 B1g   1  5g2-         0.318300     1.000000
   10.4 B1g   1  5g4-         0.318300     1.000000
   11.4 B1g   1  5g2-         0.097900     1.000000
   12.4 B1g   1  5g4-         0.097900     1.000000
   13.4 B1g   1  5g2-         0.030111     1.000000
   14.4 B1g   1  5g4-         0.030111     1.000000
    1.5 B1u   1  2pz         43.750000     0.000633    0.000000    0.000000    0.000000    0.000000
    2.5 B1u                  10.330000     0.004808    0.000000    0.000000    0.000000    0.000000
    3.5 B1u                   3.226000     0.020527    0.000000    0.000000    0.000000    0.000000
    4.5 B1u                   1.127000     0.067816    0.000000    0.000000    0.000000    0.000000
    5.5 B1u                   0.433400     0.192868    1.000000    0.000000    0.000000    0.000000
                              0.180800     0.378692    0.000000    1.000000    0.000000    0.000000
                              0.078270     0.400574    0.000000    0.000000    1.000000    0.000000
                              0.033720     0.138067    0.000000    0.000000    0.000000    1.000000
    6.5 B1u   1  2pz          0.007600     1.000000
    7.5 B1u   1  2pz          0.001713     1.000000
    8.5 B1u   1  4f0          0.612700     1.000000
    9.5 B1u   1  4f2+         0.612700     1.000000
   10.5 B1u   1  4f0          0.356800     1.000000
   11.5 B1u   1  4f2+         0.356800     1.000000
   12.5 B1u   1  4f0          0.207800     1.000000
   13.5 B1u   1  4f2+         0.207800     1.000000
   14.5 B1u   1  4f0          0.071900     1.000000
   15.5 B1u   1  4f2+         0.071900     1.000000
   16.5 B1u   1  4f0          0.024878     1.000000
   17.5 B1u   1  4f2+         0.024878     1.000000
   18.5 B1u   1  6h2+         0.514200     1.000000
   19.5 B1u   1  6h4+         0.514200     1.000000
   20.5 B1u   1  6h0          0.514200     1.000000
   21.5 B1u   1  6h2+         0.203300     1.000000
   22.5 B1u   1  6h4+         0.203300     1.000000
   23.5 B1u   1  6h0          0.203300     1.000000
   24.5 B1u   1  6h2+         0.080379     1.000000
   25.5 B1u   1  6h4+         0.080379     1.000000
   26.5 B1u   1  6h0          0.080379     1.000000
    1.6 B2g   1  3d1+         1.717500     1.000000
    2.6 B2g   1  3d1+         0.764600     1.000000
    3.6 B2g   1  3d1+         0.340400     1.000000
    4.6 B2g   1  3d1+         0.151500     1.000000
    5.6 B2g   1  3d1+         0.042800     1.000000
    6.6 B2g   1  3d1+         0.012091     1.000000
    7.6 B2g   1  5g1+         0.598000     1.000000
    8.6 B2g   1  5g3+         0.598000     1.000000
    9.6 B2g   1  5g1+         0.318300     1.000000
   10.6 B2g   1  5g3+         0.318300     1.000000
   11.6 B2g   1  5g1+         0.097900     1.000000
   12.6 B2g   1  5g3+         0.097900     1.000000
   13.6 B2g   1  5g1+         0.030111     1.000000
   14.6 B2g   1  5g3+         0.030111     1.000000
    1.7 B3g   1  3d1-         1.717500     1.000000
    2.7 B3g   1  3d1-         0.764600     1.000000
    3.7 B3g   1  3d1-         0.340400     1.000000
    4.7 B3g   1  3d1-         0.151500     1.000000
    5.7 B3g   1  3d1-         0.042800     1.000000
    6.7 B3g   1  3d1-         0.012091     1.000000
    7.7 B3g   1  5g1-         0.598000     1.000000
    8.7 B3g   1  5g3-         0.598000     1.000000
    9.7 B3g   1  5g1-         0.318300     1.000000
   10.7 B3g   1  5g3-         0.318300     1.000000
   11.7 B3g   1  5g1-         0.097900     1.000000
   12.7 B3g   1  5g3-         0.097900     1.000000
   13.7 B3g   1  5g1-         0.030111     1.000000
   14.7 B3g   1  5g3-         0.030111     1.000000
    1.8 Au    1  4f2-         0.612700     1.000000
    2.8 Au    1  4f2-         0.356800     1.000000
    3.8 Au    1  4f2-         0.207800     1.000000
    4.8 Au    1  4f2-         0.071900     1.000000
    5.8 Au    1  4f2-         0.024878     1.000000
    6.8 Au    1  6h4-         0.514200     1.000000
    7.8 Au    1  6h2-         0.514200     1.000000
    8.8 Au    1  6h4-         0.203300     1.000000
    9.8 Au    1  6h2-         0.203300     1.000000
   10.8 Au    1  6h4-         0.080379     1.000000
   11.8 Au    1  6h2-         0.080379     1.000000

 NUCLEAR CHARGE:                    4
 NUMBER OF PRIMITIVE AOS:         255
 NUMBER OF SYMMETRY AOS:          180
 NUMBER OF CONTRACTIONS:          163   (  32Ag  +  26B3u +  26B2u +  14B1g +  26B1u +  14B2g +  14B3g +  11Au  )
 NUMBER OF CORE ORBITALS:           1   (   1Ag  +   0B3u +   0B2u +   0B1g +   0B1u +   0B2g +   0B3g +   0Au  )
 NUMBER OF VALENCE ORBITALS:        4   (   1Ag  +   1B3u +   1B2u +   0B1g +   1B1u +   0B2g +   0B3g +   0Au  )


 NUCLEAR REPULSION ENERGY    0.00000000

 EXTRA SYMMETRY OF AOS IN SYMMETRY 1:   1 1 1 1 1 1 1 1 2 3   2 3 2 3 2 3 2 3 2 3   4 5 6 4 5 6 4 5 6 4   5 6
 EXTRA SYMMETRY OF AOS IN SYMMETRY 2:   1 1 1 1 1 1 1 2 3 2   3 2 3 2 3 2 3 4 5 6   4 5 6 4 5 6
 EXTRA SYMMETRY OF AOS IN SYMMETRY 3:   1 1 1 1 1 1 1 2 3 2   3 2 3 2 3 2 3 4 5 6   4 5 6 4 5 6
 EXTRA SYMMETRY OF AOS IN SYMMETRY 4:   1 1 1 1 1 1 2 3 2 3   2 3 2 3
 EXTRA SYMMETRY OF AOS IN SYMMETRY 5:   1 1 1 1 1 1 1 2 3 2   3 2 3 2 3 2 3 4 5 6   4 5 6 4 5 6
 EXTRA SYMMETRY OF AOS IN SYMMETRY 6:   1 1 1 1 1 1 2 3 2 3   2 3 2 3
 EXTRA SYMMETRY OF AOS IN SYMMETRY 7:   1 1 1 1 1 1 2 3 2 3   2 3 2 3
 EXTRA SYMMETRY OF AOS IN SYMMETRY 8:   1 1 1 1 1 2 3 2 3 2   3

 Eigenvalues of metric

         1 0.793E-04 0.100E-01 0.398E-01 0.398E-01 0.553E-01 0.149E+00 0.176E+00 0.176E+00
         2 0.197E-02 0.236E-01 0.236E-01 0.260E-01 0.158E+00 0.237E+00 0.237E+00 0.322E+00
         3 0.197E-02 0.236E-01 0.236E-01 0.260E-01 0.158E+00 0.237E+00 0.237E+00 0.322E+00
         4 0.398E-01 0.176E+00 0.176E+00 0.198E+00 0.456E+00 0.585E+00 0.585E+00 0.983E+00
         5 0.197E-02 0.236E-01 0.236E-01 0.260E-01 0.158E+00 0.237E+00 0.237E+00 0.322E+00
         6 0.398E-01 0.176E+00 0.176E+00 0.198E+00 0.456E+00 0.585E+00 0.585E+00 0.983E+00
         7 0.398E-01 0.176E+00 0.176E+00 0.198E+00 0.456E+00 0.585E+00 0.585E+00 0.983E+00
         8 0.236E-01 0.237E+00 0.322E+00 0.322E+00 0.581E+00 0.915E+00 0.915E+00 0.144E+01


 Contracted 2-electron integrals neglected if value below      1.0D-11
 AO integral compression algorithm  1   Integral accuracy      1.0D-11

     62.128 MB (compressed) written to integral file ( 39.0%)


 NUMBER OF SORTED TWO-ELECTRON INTEGRALS:   11508513.     BUFFER LENGTH:  32768
 NUMBER OF SEGMENTS:   1  SEGMENT LENGTH:   11508513      RECORD LENGTH: 524288

 Memory used in sort:      12.07 MW

 SORT1 READ    19862161. AND WROTE     7949460. INTEGRALS IN     23 RECORDS. CPU TIME:     0.44 SEC, REAL TIME:     0.49 SEC
 SORT2 READ     7949460. AND WROTE    11508513. INTEGRALS IN    237 RECORDS. CPU TIME:     0.29 SEC, REAL TIME:     0.40 SEC

 FILE SIZES:   FILE 1:    82.6 MBYTE,  FILE 4:    96.5 MBYTE,   TOTAL:    179.1 MBYTE

 OPERATOR DM      FOR CENTER  0  COORDINATES:    0.000000    0.000000    0.000000


 **********************************************************************************************************************************
 DATASETS  * FILE   NREC   LENGTH (MB)   RECORD NAMES
              1      19       56.22       500      610      700      900      950      970     1000      129      960     1100   
                                          VAR    BASINP    GEOM    SYMINP    ZMAT    AOBASIS   BASIS     P2S    ABASIS      S 
                                         1400     1410     1200     1210     1080     1600     1650     1300     1700   
                                           T        V       H0       H01     AOSYM     SMH    MOLCAS    ERIS     OPER   

 PROGRAMS   *        TOTAL       INT
 CPU TIMES  *         5.07      4.97
 REAL TIME  *         8.76 SEC
 DISK USED  *       179.42 MB      
 **********************************************************************************************************************************


 PROGRAM * RHF-SCF (CLOSED SHELL)       Authors: W. Meyer, H.-J. Werner


 NUMBER OF ELECTRONS:       2+    2-    SPACE SYMMETRY=1    SPIN SYMMETRY: Singlet 
 CONVERGENCE THRESHOLDS:    1.00E-05 (Density)    1.00E-07 (Energy)
 MAX. NUMBER OF ITERATIONS:       60
 INTERPOLATION TYPE:            DIIS
 INTERPOLATION STEPS:              2 (START)      1 (STEP)
 LEVEL SHIFTS:                  0.00 (CLOSED)  0.00 (OPEN) 



 Orbital guess generated from atomic densities. Full valence occupancy:    2   0   0   0   0   0   0   0


 Molecular orbital dump at record        2100.2

 Initial occupancy:   2   0   0   0   0   0   0   0

 ITERATION    DDIFF          GRAD             ENERGY        2-EL.EN.            DIPOLE MOMENTS         DIIS   ORB.
    1      0.000D+00      0.000D+00       -14.57301259      8.978262    0.00000    0.00000    0.00000    0    start
    2      0.000D+00      0.834D-05       -14.57301262      8.978236    0.00000    0.00000    0.00000    0    orth

 Final occupancy:   2   0   0   0   0   0   0   0

 !RHF STATE 1.1 Energy                -14.573012623462
 Nuclear energy                         0.00000000
 One-electron energy                  -19.06213052
 Two-electron energy                    4.48911790
 Virial quotient                       -1.00000352
 !RHF STATE 1.1 Dipole moment           0.00000000     0.00000000     0.00000000
 Dipole moment /Debye                   0.00000000     0.00000000     0.00000000

 ELECTRON ORBITALS
 =================


   Orb  Occ    Energy  Couls-En    Coefficients

                                   1 1s      1 1s      1 1s      1 1s      1 1s      1 1s      1 1s      1 1s      1 3d0     1 3d2+ 
                                   1 3d0     1 3d2+    1 3d0     1 3d2+    1 3d0     1 3d2+    1 3d0     1 3d2+    1 3d0     1 3d2+ 
                                   1 5g0     1 5g4+    1 5g2+    1 5g0     1 5g4+    1 5g2+    1 5g0     1 5g4+    1 5g2+    1 5g0  
                                   1 5g4+    1 5g2+ 

   1.1   2    -4.7327  -12.6748  0.999908 -0.000432 -0.000086  0.000295 -0.000098  0.000513 -0.000275  0.000077 -0.000000 -0.000000
                                 0.000000  0.000000 -0.000000 -0.000000  0.000000  0.000000 -0.000000 -0.000000  0.000000  0.000000
                                -0.000000 -0.000000 -0.000000  0.000000  0.000000  0.000000 -0.000000 -0.000000 -0.000000  0.000000
                                 0.000000  0.000000

   2.1   2    -0.3093   -1.8982  0.000074  1.000372  0.000125 -0.000569  0.000980 -0.001647  0.000571  0.000827  0.000000  0.000000
                                -0.000000 -0.000000  0.000000  0.000000 -0.000000 -0.000000  0.000000  0.000000 -0.000000 -0.000000
                                 0.000000  0.000000  0.000000 -0.000000 -0.000000 -0.000000  0.000000  0.000000  0.000000 -0.000000
                                -0.000000 -0.000000

 HOMO      2.1    -0.309269 =      -8.4156eV
 LUMO      1.2     0.004036 =       0.1098eV
 LUMO-HOMO         0.313305 =       8.5255eV


 **********************************************************************************************************************************
 DATASETS  * FILE   NREC   LENGTH (MB)   RECORD NAMES
              1      19       56.22       500      610      700      900      950      970     1000      129      960     1100   
                                          VAR    BASINP    GEOM    SYMINP    ZMAT    AOBASIS   BASIS     P2S    ABASIS      S 
                                         1400     1410     1200     1210     1080     1600     1650     1300     1700   
                                           T        V       H0       H01     AOSYM     SMH    MOLCAS    ERIS     OPER   

              2       4        2.84       700     1000      520     2100   
                                         GEOM     BASIS   MCVARS     RHF  

 PROGRAMS   *        TOTAL        HF       INT
 CPU TIMES  *         5.15      0.08      4.97
 REAL TIME  *         8.84 SEC
 DISK USED  *       179.42 MB      
 **********************************************************************************************************************************


 PROGRAM * MULTI (Direct Multiconfiguration SCF)       Authors: P.J. Knowles, H.-J. Werner (1984)     S.T. Elbert (1988)


 Number of closed-shell orbitals:   1 (   1   0   0   0   0   0   0   0 )
 Number of active  orbitals:        4 (   1   1   1   0   1   0   0   0 )
 Number of external orbitals:     158 (  30  25  25  14  25  14  14  11 )

 State symmetry 1

 Number of electrons:     2    Spin symmetry=Singlet   Space symmetry=1
 Number of states:        1
 Number of CSFs:          4   (4 determinants, 16 intermediate states)

 Molecular orbitals read from record     2100.2  Type=RHF/CANONICAL (state 1.1)

 EXTRA SYMMETRY OF MOS IN SYMMETRY 1:   1 1 1 3 2 1 3 2 5 6   4 1 2 3 4 5 6 1 2 3   4 6 5 1 2 3 6 4 5 2   3 1
 EXTRA SYMMETRY OF MOS IN SYMMETRY 2:   1 1 1 2 3 1 3 2 1 6   5 4 2 3 1 5 6 4 3 2   5 6 4 1 2 3
 EXTRA SYMMETRY OF MOS IN SYMMETRY 3:   1 1 1 2 3 1 3 2 1 6   5 4 3 2 1 5 6 4 2 3   5 6 4 1 2 3
 EXTRA SYMMETRY OF MOS IN SYMMETRY 4:   1 1 3 2 1 2 3 1 3 2   1 3 2 1
 EXTRA SYMMETRY OF MOS IN SYMMETRY 5:   1 1 1 2 3 1 3 2 1 6   4 5 2 3 1 6 4 5 3 2   6 4 5 1 3 2
 EXTRA SYMMETRY OF MOS IN SYMMETRY 6:   1 1 2 3 1 2 3 1 2 3   1 2 3 1
 EXTRA SYMMETRY OF MOS IN SYMMETRY 7:   1 1 2 3 1 2 3 1 2 3   1 2 3 1
 EXTRA SYMMETRY OF MOS IN SYMMETRY 8:   1 1 2 3 1 2 3 1 3 2   1

 Wavefunction dump at record             2140.2

 Convergence thresholds  0.10E-01 (gradient)  0.10E-05 (energy)  0.10E-02 (step length)

 Number of orbital rotations:      136   (     1 Core/Active     30 Core/Virtual   0 Active/Active    105 Active/Virtual)
 Total number of variables:        140


 ITER. MIC  NCI  NEG     ENERGY(VAR)     ENERGY(PROJ)   ENERGY CHANGE     GRAD(0)  GRAD(ORB)   GRAD(CI)     STEP       TIME

   1   34    7    0     -14.57301268     -14.66463408   -0.09162140    0.00003379 0.00000001 0.00000000  0.17D+01      0.08
   2   21    8    0     -14.61342354     -14.61680751   -0.00338397    0.03049984 0.00000000 0.00000000  0.25D+00      0.15
   3   21    8    0     -14.61682419     -14.61682554   -0.00000135    0.00042207 0.00000000 0.00000000  0.45D-02      0.21
   4   22    5    0     -14.61682554     -14.61682554   -0.00000000    0.00000038 0.00000000 0.00000000  0.48D-05      0.28

 ** WVFN ****  CONVERGENCE REACHED, FINAL GRADIENT:  0.65D-09


 First order charge density matrix for state 1.1 saved on record  2140.2 (density set 1)

 Results for state 1.1
 =====================

 !MCSCF STATE 1.1 Energy              -14.616825537711
 Nuclear energy                         0.00000000
 Kinetic energy                        14.61690964
 One electron energy                  -19.08297019
 Two electron energy                    4.46614465
 Virial ratio                           1.99999425

 !MCSCF STATE 1.1 Dipole moment         0.00000000     0.00000000     0.00000000
 Dipole moment /Debye                   0.00000000     0.00000000     0.00000000


 NATURAL ORBITALS
 ================

   Orb     Occ        Energy       Coefficients

                                   1 1s      1 1s      1 1s      1 1s      1 1s      1 1s      1 1s      1 1s      1 3d0     1 3d2+ 
                                   1 3d0     1 3d2+    1 3d0     1 3d2+    1 3d0     1 3d2+    1 3d0     1 3d2+    1 3d0     1 3d2+ 
                                   1 5g0     1 5g4+    1 5g2+    1 5g0     1 5g4+    1 5g2+    1 5g0     1 5g4+    1 5g2+    1 5g0  
                                   1 5g4+    1 5g2+ 

   1.1  2.00000    -4.711639     1.000471 -0.009295  0.000493 -0.000519 -0.002905  0.000232 -0.000261  0.000070  0.000000  0.000000
                                 0.000000  0.000000  0.000000  0.000000  0.000000  0.000000  0.000000  0.000000  0.000000  0.000000
                                 0.000000  0.000000  0.000000  0.000000  0.000000  0.000000  0.000000  0.000000  0.000000  0.000000
                                 0.000000  0.000000

   2.1  1.80512    -0.277659     0.008627  1.002412 -0.006138  0.013421  0.042031 -0.057881 -0.001992  0.000846  0.000000  0.000000
                                 0.000000  0.000000  0.000000  0.000000  0.000000  0.000000  0.000000  0.000000  0.000000  0.000000
                                 0.000000  0.000000  0.000000  0.000000  0.000000  0.000000  0.000000  0.000000  0.000000  0.000000
                                 0.000000  0.000000

                                   1 2px     1 2px     1 2px     1 2px     1 2px     1 2px     1 2px     1 4f1+    1 4f3+    1 4f1+ 
                                   1 4f3+    1 4f1+    1 4f3+    1 4f1+    1 4f3+    1 4f1+    1 4f3+    1 6h1+    1 6h3+    1 6h5+ 
                                   1 6h1+    1 6h3+    1 6h5+    1 6h1+    1 6h3+    1 6h5+ 

   1.2  0.06496     0.115733     0.861913  0.056781  0.204303 -0.049752 -0.100032 -0.000128  0.000024  0.000000  0.000000  0.000000
                                 0.000000  0.000000  0.000000  0.000000  0.000000  0.000000  0.000000  0.000000  0.000000  0.000000
                                 0.000000  0.000000  0.000000  0.000000  0.000000  0.000000

                                   1 2py     1 2py     1 2py     1 2py     1 2py     1 2py     1 2py     1 4f1-    1 4f3-    1 4f1- 
                                   1 4f3-    1 4f1-    1 4f3-    1 4f1-    1 4f3-    1 4f1-    1 4f3-    1 6h1-    1 6h3-    1 6h5- 
                                   1 6h1-    1 6h3-    1 6h5-    1 6h1-    1 6h3-    1 6h5- 

   1.3  0.06496     0.115733     0.861913  0.056781  0.204303 -0.049752 -0.100032 -0.000128  0.000024  0.000000  0.000000  0.000000
                                 0.000000  0.000000  0.000000  0.000000  0.000000  0.000000  0.000000  0.000000  0.000000  0.000000
                                 0.000000  0.000000  0.000000  0.000000  0.000000  0.000000

                                   1 2pz     1 2pz     1 2pz     1 2pz     1 2pz     1 2pz     1 2pz     1 4f0     1 4f2+    1 4f0  
                                   1 4f2+    1 4f0     1 4f2+    1 4f0     1 4f2+    1 4f0     1 4f2+    1 6h2+    1 6h4+    1 6h0  
                                   1 6h2+    1 6h4+    1 6h0     1 6h2+    1 6h4+    1 6h0  

   1.5  0.06496     0.115733     0.861913  0.056781  0.204303 -0.049752 -0.100032 -0.000128  0.000024  0.000000  0.000000  0.000000
                                 0.000000  0.000000  0.000000  0.000000  0.000000  0.000000  0.000000  0.000000  0.000000  0.000000
                                 0.000000  0.000000  0.000000  0.000000  0.000000  0.000000
 

 EXTRA SYMMETRY OF MOS IN SYMMETRY 1:   1 1 1 2 3 1 2 3 6 4   5 1 3 2 5 6 4 1 3 2   4 5 6 1 3 2 4 6 5 3   2 1
 EXTRA SYMMETRY OF MOS IN SYMMETRY 2:   1 1 1 3 2 1 2 3 1 6   5 4 2 3 1 4 6 5 2 3   6 4 5 1 2 3
 EXTRA SYMMETRY OF MOS IN SYMMETRY 3:   1 1 1 3 2 1 2 3 1 6   5 4 2 3 1 4 6 5 2 3   6 4 5 1 2 3
 EXTRA SYMMETRY OF MOS IN SYMMETRY 4:   1 1 2 3 1 3 2 1 3 2   1 2 3 1
 EXTRA SYMMETRY OF MOS IN SYMMETRY 5:   1 1 1 2 3 1 2 3 1 6   4 5 3 2 1 5 6 4 3 2   5 6 4 1 2 3
 EXTRA SYMMETRY OF MOS IN SYMMETRY 6:   1 1 3 2 1 3 2 1 3 2   1 2 3 1
 EXTRA SYMMETRY OF MOS IN SYMMETRY 7:   1 1 3 2 1 3 2 1 3 2   1 2 3 1
 EXTRA SYMMETRY OF MOS IN SYMMETRY 8:   1 1 3 2 1 2 3 1 2 3   1

 Natural orbital dump at molpro section  2140.2    (Orbital set 2)



 **********************************************************************************************************************************
 DATASETS  * FILE   NREC   LENGTH (MB)   RECORD NAMES
              1      20       56.92       500      610      700      900      950      970     1000      129      960     1100   
                                          VAR    BASINP    GEOM    SYMINP    ZMAT    AOBASIS   BASIS     P2S    ABASIS      S 
                                         1400     1410     1200     1210     1080     1600     1650     1300     1700     1380   
                                           T        V       H0       H01     AOSYM     SMH    MOLCAS    ERIS     OPER     JKOP   

              2       5        5.51       700     1000      520     2100     2140   
                                         GEOM     BASIS   MCVARS     RHF     MCSCF   

 PROGRAMS   *        TOTAL     MULTI        HF       INT
 CPU TIMES  *         5.51      0.36      0.08      4.97
 REAL TIME  *         9.28 SEC
 DISK USED  *       179.42 MB      
 **********************************************************************************************************************************


 PROGRAM * FCI (Full CI)     Author: P.J. Knowles, 1984

 ***  Initialisation ***
 
 Molecular orbitals read from record     2140.2  Type=MCSCF/NATURAL (state 1.1)
 
 Frozen orbitals:              0 (  0  0  0  0  0  0  0  0)
 Active orbitals:            163 ( 32 26 26 14 26 14 14 11)
 Active electrons:             4
 Spin quantum number:          0.0

 Transformed integrals will be written to file FCIDUMP (relative to TMPDIR)
 File format: FCIDUMP.

 Load integrals                5.5 sec
 Transform integrals          12.0 sec
 Storage for integrals:       22538977
 Remaining memory:           *********

 Core energy:               0.00000000
 Run Hamiltonian processor DUMP    
 Symmetry:                   1
 Trial vector:                  0.00
 Result vector:                 0.00
 Maximum iterations:           90
 Convergence threshold:         0.0000100
 RHS vector:                    0.00
 Hamiltonian shift:             0.0000000
 Output threshold:              0.0500000
 Options:                        0
 Number of roots:             1


 **********************************************************************************************************************************
 DATASETS  * FILE   NREC   LENGTH (MB)   RECORD NAMES
              1      20       56.92       500      610      700      900      950      970     1000      129      960     1100   
                                          VAR    BASINP    GEOM    SYMINP    ZMAT    AOBASIS   BASIS     P2S    ABASIS      S 
                                         1400     1410     1200     1210     1080     1600     1650     1300     1700     1380   
                                           T        V       H0       H01     AOSYM     SMH    MOLCAS    ERIS     OPER     JKOP   

              2       5        5.51       700     1000      520     2100     2140   
                                         GEOM     BASIS   MCVARS     RHF     MCSCF   

 PROGRAMS   *        TOTAL       FCI     MULTI        HF       INT
 CPU TIMES  *        61.17     55.66      0.36      0.08      4.97
 REAL TIME  *       102.43 SEC
 DISK USED  *       179.42 MB      
 **********************************************************************************************************************************

 Dump information in style MOLDEN to be.molden                                                                       

 Molecular orbitals read from record     2140.2  Type=MCSCF/NATURAL (state 1.1)
 Occupation numbers read from record     2140.2  Type=MCSCF/NATURAL (state 1.1)
 Orbital energies read from record       2140.2  Type=MCSCF/NATURAL (state 1.1)
 Redundancy group numbers read from rec  2140.2  Type=MCSCF/NATURAL (state 1.1)
 ? Error
 ? You have requested Molden output, but the basis set contains h or higher basis functions. Neither this interface, nor Molden itself, supports such a basis set
 ? The problem occurs in pribas
