
 Primary working directories    : /algpfs/samanta/scratch/mpscr.19762
 Secondary working directories  : /algpfs/samanta/scratch/mpscr.19762
 Wavefunction directory         : /home/samanta/wfu/
 Main file repository           : /algpfs/samanta/scratch/mpscr.19762/

 SHA1      : 15e287e0c8790f314a3b7626b3b23257946cfd9d
 NAME      : 2015.1.33
 ARCHNAME  : linux/x86_64
 FC        : /opt/intel/composer_xe_2015.1.133/bin/intel64/ifort
 BLASLIB   : -Wl,-_start-group /opt/intel/mkl/lib/intel64/libmkl_intel_ilp64.a /opt/intel/mkl/lib/intel64/libmkl_intel_thread.a /opt/intel/mkl/lib/intel64/libmkl_core.a -Wl,-_end-group
 id        : fkfmpg

 Nodes     nprocs
 alnode001    1

 Using customized tuning parameters: mindgm=1; mindgv=20; mindgc=4; mindgr=1; noblas=0; minvec=7
 default implementation of scratch files=df  

 ***,Fe atom, state-averaged CASSCF calculation
 
 memory,10000,m
 gprint,orbitals,basis
 
 
 geom={Be}
 
 basis=cc-pV5Z
 
 {hf
 wf,4,1,0}
 
 {multi
 closed,1,0,0,0,0,0,0,0
 occ,2,1,1,0,1,0,0,0
 wf,4,1,0
 }
 
 core,0,0,0,0,0,0,0,0
 fci;dump

 Variables initialized (889), CPU time= 0.00 sec
 Commands  initialized (702), CPU time= 0.01 sec, 572 directives.
 Default parameters read. Elapsed time= 0.08 sec

 Checking input...
 Passed
1


                                         ***  PROGRAM SYSTEM MOLPRO  ***
                                       Copyright, TTI GmbH Stuttgart, 2015
                                    Version 2015.1 linked May 14 2018 10:23:42


 **********************************************************************************************************************************
 LABEL *   Fe atom, state-averaged CASSCF calculation                                    
  64 bit serial version                                                                  DATE: 20-Sep-18          TIME: 10:41:55  
 **********************************************************************************************************************************

 SHA1:             15e287e0c8790f314a3b7626b3b23257946cfd9d
 **********************************************************************************************************************************


 Variable memory set to ********** words,  buffer space   230000 words

 SETTING BASIS          =    CC-PV5Z


 Recomputing integrals since basis changed


 Using spherical harmonics

 Library entry BE     S cc-pV5Z              selected for orbital group  1
 Library entry BE     P cc-pV5Z              selected for orbital group  1
 Library entry BE     D cc-pV5Z              selected for orbital group  1
 Library entry BE     F cc-pV5Z              selected for orbital group  1
 Library entry BE     G cc-pV5Z              selected for orbital group  1
 Library entry BE     H cc-pV5Z              selected for orbital group  1


 PROGRAM * SEWARD (Integral evaluation for generally contracted gaussian basis sets)     Author: Roland Lindh, 1990

 Geometry written to block  1 of record 700

 Orientation using atomic masses  
 Molecule type: Atom
 Symmetry elements: X,Y,Z
 Rotational constants:       0.0000000      0.0000000      0.0000000 GHz  (calculated with average atomic masses)

 Point group  D2h 



 ATOMIC COORDINATES

 NR  ATOM    CHARGE       X              Y              Z

   1  BE      4.00    0.000000000    0.000000000    0.000000000


 BASIS DATA

   Nr Sym  Nuc  Type         Exponents   Contraction coefficients

    1.1 Ag    1  1s       54620.000000     0.000018   -0.000003    0.000000    0.000000    0.000000    0.000000
    2.1 Ag                 8180.000000     0.000138   -0.000025    0.000000    0.000000    0.000000    0.000000
    3.1 Ag                 1862.000000     0.000723   -0.000131    0.000000    0.000000    0.000000    0.000000
    4.1 Ag                  527.300000     0.003039   -0.000558    0.000000    0.000000    0.000000    0.000000
    5.1 Ag                  172.000000     0.010908   -0.001988    0.000000    0.000000    0.000000    0.000000
    6.1 Ag                   62.100000     0.034035   -0.006370    0.000000    0.000000    0.000000    0.000000
                             24.210000     0.091193   -0.017217    0.000000    0.000000    0.000000    0.000000
                              9.993000     0.199268   -0.040858    0.000000    0.000000    0.000000    0.000000
                              4.305000     0.329355   -0.074237    0.000000    0.000000    0.000000    0.000000
                              1.921000     0.340489   -0.119234    0.000000    0.000000    0.000000    0.000000
                              0.866300     0.143740   -0.087777    1.000000    0.000000    0.000000    0.000000
                              0.247500     0.006517    0.278788    0.000000    1.000000    0.000000    0.000000
                              0.100900    -0.001865    0.583499    0.000000    0.000000    1.000000    0.000000
                              0.041290     0.000480    0.269007    0.000000    0.000000    0.000000    1.000000
    7.1 Ag    1  3d0          1.717500     1.000000
    8.1 Ag    1  3d2+         1.717500     1.000000
    9.1 Ag    1  3d0          0.764600     1.000000
   10.1 Ag    1  3d2+         0.764600     1.000000
   11.1 Ag    1  3d0          0.340400     1.000000
   12.1 Ag    1  3d2+         0.340400     1.000000
   13.1 Ag    1  3d0          0.151500     1.000000
   14.1 Ag    1  3d2+         0.151500     1.000000
   15.1 Ag    1  5g0          0.598000     1.000000
   16.1 Ag    1  5g4+         0.598000     1.000000
   17.1 Ag    1  5g2+         0.598000     1.000000
   18.1 Ag    1  5g0          0.318300     1.000000
   19.1 Ag    1  5g4+         0.318300     1.000000
   20.1 Ag    1  5g2+         0.318300     1.000000
    1.2 B3u   1  2px         43.750000     0.000633    0.000000    0.000000    0.000000    0.000000
    2.2 B3u                  10.330000     0.004808    0.000000    0.000000    0.000000    0.000000
    3.2 B3u                   3.226000     0.020527    0.000000    0.000000    0.000000    0.000000
    4.2 B3u                   1.127000     0.067816    0.000000    0.000000    0.000000    0.000000
    5.2 B3u                   0.433400     0.192868    1.000000    0.000000    0.000000    0.000000
                              0.180800     0.378692    0.000000    1.000000    0.000000    0.000000
                              0.078270     0.400574    0.000000    0.000000    1.000000    0.000000
                              0.033720     0.138067    0.000000    0.000000    0.000000    1.000000
    6.2 B3u   1  4f1+         0.612700     1.000000
    7.2 B3u   1  4f3+         0.612700     1.000000
    8.2 B3u   1  4f1+         0.356800     1.000000
    9.2 B3u   1  4f3+         0.356800     1.000000
   10.2 B3u   1  4f1+         0.207800     1.000000
   11.2 B3u   1  4f3+         0.207800     1.000000
   12.2 B3u   1  6h1+         0.514200     1.000000
   13.2 B3u   1  6h3+         0.514200     1.000000
   14.2 B3u   1  6h5+         0.514200     1.000000
    1.3 B2u   1  2py         43.750000     0.000633    0.000000    0.000000    0.000000    0.000000
    2.3 B2u                  10.330000     0.004808    0.000000    0.000000    0.000000    0.000000
    3.3 B2u                   3.226000     0.020527    0.000000    0.000000    0.000000    0.000000
    4.3 B2u                   1.127000     0.067816    0.000000    0.000000    0.000000    0.000000
    5.3 B2u                   0.433400     0.192868    1.000000    0.000000    0.000000    0.000000
                              0.180800     0.378692    0.000000    1.000000    0.000000    0.000000
                              0.078270     0.400574    0.000000    0.000000    1.000000    0.000000
                              0.033720     0.138067    0.000000    0.000000    0.000000    1.000000
    6.3 B2u   1  4f1-         0.612700     1.000000
    7.3 B2u   1  4f3-         0.612700     1.000000
    8.3 B2u   1  4f1-         0.356800     1.000000
    9.3 B2u   1  4f3-         0.356800     1.000000
   10.3 B2u   1  4f1-         0.207800     1.000000
   11.3 B2u   1  4f3-         0.207800     1.000000
   12.3 B2u   1  6h1-         0.514200     1.000000
   13.3 B2u   1  6h3-         0.514200     1.000000
   14.3 B2u   1  6h5-         0.514200     1.000000
    1.4 B1g   1  3d2-         1.717500     1.000000
    2.4 B1g   1  3d2-         0.764600     1.000000
    3.4 B1g   1  3d2-         0.340400     1.000000
    4.4 B1g   1  3d2-         0.151500     1.000000
    5.4 B1g   1  5g2-         0.598000     1.000000
    6.4 B1g   1  5g4-         0.598000     1.000000
    7.4 B1g   1  5g2-         0.318300     1.000000
    8.4 B1g   1  5g4-         0.318300     1.000000
    1.5 B1u   1  2pz         43.750000     0.000633    0.000000    0.000000    0.000000    0.000000
    2.5 B1u                  10.330000     0.004808    0.000000    0.000000    0.000000    0.000000
    3.5 B1u                   3.226000     0.020527    0.000000    0.000000    0.000000    0.000000
    4.5 B1u                   1.127000     0.067816    0.000000    0.000000    0.000000    0.000000
    5.5 B1u                   0.433400     0.192868    1.000000    0.000000    0.000000    0.000000
                              0.180800     0.378692    0.000000    1.000000    0.000000    0.000000
                              0.078270     0.400574    0.000000    0.000000    1.000000    0.000000
                              0.033720     0.138067    0.000000    0.000000    0.000000    1.000000
    6.5 B1u   1  4f0          0.612700     1.000000
    7.5 B1u   1  4f2+         0.612700     1.000000
    8.5 B1u   1  4f0          0.356800     1.000000
    9.5 B1u   1  4f2+         0.356800     1.000000
   10.5 B1u   1  4f0          0.207800     1.000000
   11.5 B1u   1  4f2+         0.207800     1.000000
   12.5 B1u   1  6h2+         0.514200     1.000000
   13.5 B1u   1  6h4+         0.514200     1.000000
   14.5 B1u   1  6h0          0.514200     1.000000
    1.6 B2g   1  3d1+         1.717500     1.000000
    2.6 B2g   1  3d1+         0.764600     1.000000
    3.6 B2g   1  3d1+         0.340400     1.000000
    4.6 B2g   1  3d1+         0.151500     1.000000
    5.6 B2g   1  5g1+         0.598000     1.000000
    6.6 B2g   1  5g3+         0.598000     1.000000
    7.6 B2g   1  5g1+         0.318300     1.000000
    8.6 B2g   1  5g3+         0.318300     1.000000
    1.7 B3g   1  3d1-         1.717500     1.000000
    2.7 B3g   1  3d1-         0.764600     1.000000
    3.7 B3g   1  3d1-         0.340400     1.000000
    4.7 B3g   1  3d1-         0.151500     1.000000
    5.7 B3g   1  5g1-         0.598000     1.000000
    6.7 B3g   1  5g3-         0.598000     1.000000
    7.7 B3g   1  5g1-         0.318300     1.000000
    8.7 B3g   1  5g3-         0.318300     1.000000
    1.8 Au    1  4f2-         0.612700     1.000000
    2.8 Au    1  4f2-         0.356800     1.000000
    3.8 Au    1  4f2-         0.207800     1.000000
    4.8 Au    1  6h4-         0.514200     1.000000
    5.8 Au    1  6h2-         0.514200     1.000000

 NUCLEAR CHARGE:                    4
 NUMBER OF PRIMITIVE AOS:         143
 NUMBER OF SYMMETRY AOS:          108
 NUMBER OF CONTRACTIONS:           91   (  20Ag  +  14B3u +  14B2u +   8B1g +  14B1u +   8B2g +   8B3g +   5Au  )
 NUMBER OF CORE ORBITALS:           1   (   1Ag  +   0B3u +   0B2u +   0B1g +   0B1u +   0B2g +   0B3g +   0Au  )
 NUMBER OF VALENCE ORBITALS:        4   (   1Ag  +   1B3u +   1B2u +   0B1g +   1B1u +   0B2g +   0B3g +   0Au  )


 NUCLEAR REPULSION ENERGY    0.00000000

 EXTRA SYMMETRY OF AOS IN SYMMETRY 1:   1 1 1 1 1 1 2 3 2 3   2 3 2 3 4 5 6 4 5 6
 EXTRA SYMMETRY OF AOS IN SYMMETRY 2:   1 1 1 1 1 2 3 2 3 2   3 4 5 6
 EXTRA SYMMETRY OF AOS IN SYMMETRY 3:   1 1 1 1 1 2 3 2 3 2   3 4 5 6
 EXTRA SYMMETRY OF AOS IN SYMMETRY 4:   1 1 1 1 2 3 2 3
 EXTRA SYMMETRY OF AOS IN SYMMETRY 5:   1 1 1 1 1 2 3 2 3 2   3 4 5 6
 EXTRA SYMMETRY OF AOS IN SYMMETRY 6:   1 1 1 1 2 3 2 3
 EXTRA SYMMETRY OF AOS IN SYMMETRY 7:   1 1 1 1 2 3 2 3
 EXTRA SYMMETRY OF AOS IN SYMMETRY 8:   1 1 1 2 3

 Eigenvalues of metric

         1 0.805E-04 0.187E-01 0.484E-01 0.484E-01 0.118E+00 0.236E+00 0.236E+00 0.236E+00
         2 0.199E-02 0.313E-01 0.354E-01 0.354E-01 0.218E+00 0.466E+00 0.466E+00 0.972E+00
         3 0.199E-02 0.313E-01 0.354E-01 0.354E-01 0.218E+00 0.466E+00 0.466E+00 0.972E+00
         4 0.484E-01 0.236E+00 0.236E+00 0.284E+00 0.107E+01 0.176E+01 0.176E+01 0.259E+01
         5 0.199E-02 0.313E-01 0.354E-01 0.354E-01 0.218E+00 0.466E+00 0.466E+00 0.972E+00
         6 0.484E-01 0.236E+00 0.236E+00 0.284E+00 0.107E+01 0.176E+01 0.176E+01 0.259E+01
         7 0.484E-01 0.236E+00 0.236E+00 0.284E+00 0.107E+01 0.176E+01 0.176E+01 0.259E+01
         8 0.354E-01 0.466E+00 0.100E+01 0.100E+01 0.250E+01


 Contracted 2-electron integrals neglected if value below      1.0D-11
 AO integral compression algorithm  1   Integral accuracy      1.0D-11

     6.554 MB (compressed) written to integral file ( 44.1%)


 NUMBER OF SORTED TWO-ELECTRON INTEGRALS:    1157028.     BUFFER LENGTH:  32768
 NUMBER OF SEGMENTS:   1  SEGMENT LENGTH:    1157028      RECORD LENGTH: 524288

 Memory used in sort:       1.71 MW

 SORT1 READ     1857313. AND WROTE      811855. INTEGRALS IN      3 RECORDS. CPU TIME:     0.04 SEC, REAL TIME:     0.04 SEC
 SORT2 READ      811855. AND WROTE     1157028. INTEGRALS IN     25 RECORDS. CPU TIME:     0.08 SEC, REAL TIME:     0.16 SEC

 FILE SIZES:   FILE 1:    26.6 MBYTE,  FILE 4:    12.6 MBYTE,   TOTAL:     39.2 MBYTE

 OPERATOR DM      FOR CENTER  0  COORDINATES:    0.000000    0.000000    0.000000


 **********************************************************************************************************************************
 DATASETS  * FILE   NREC   LENGTH (MB)   RECORD NAMES
              1      19       24.05       500      610      700      900      950      970     1000      129      960     1100   
                                          VAR    BASINP    GEOM    SYMINP    ZMAT    AOBASIS   BASIS     P2S    ABASIS      S 
                                         1400     1410     1200     1210     1080     1600     1650     1300     1700   
                                           T        V       H0       H01     AOSYM     SMH    MOLCAS    ERIS     OPER   

 PROGRAMS   *        TOTAL       INT
 CPU TIMES  *         2.80      2.71
 REAL TIME  *         6.49 SEC
 DISK USED  *        39.52 MB      
 **********************************************************************************************************************************


 PROGRAM * RHF-SCF (CLOSED SHELL)       Authors: W. Meyer, H.-J. Werner


 NUMBER OF ELECTRONS:       2+    2-    SPACE SYMMETRY=1    SPIN SYMMETRY: Singlet 
 CONVERGENCE THRESHOLDS:    1.00E-05 (Density)    1.00E-07 (Energy)
 MAX. NUMBER OF ITERATIONS:       60
 INTERPOLATION TYPE:            DIIS
 INTERPOLATION STEPS:              2 (START)      1 (STEP)
 LEVEL SHIFTS:                  0.00 (CLOSED)  0.00 (OPEN) 



 Orbital guess generated from atomic densities. Full valence occupancy:    2   0   0   0   0   0   0   0


 Molecular orbital dump at record        2100.2

 Initial occupancy:   2   0   0   0   0   0   0   0

 ITERATION    DDIFF          GRAD             ENERGY        2-EL.EN.            DIPOLE MOMENTS         DIIS   ORB.
    1      0.000D+00      0.000D+00       -14.57301204      8.978320    0.00000    0.00000    0.00000    0    start
    2      0.000D+00      0.159D-06       -14.57301204      8.978320    0.00000    0.00000    0.00000    0    orth

 Final occupancy:   2   0   0   0   0   0   0   0

 !RHF STATE 1.1 Energy                -14.573012038921
 Nuclear energy                         0.00000000
 One-electron energy                  -19.06217228
 Two-electron energy                    4.48916024
 Virial quotient                       -0.99999999
 !RHF STATE 1.1 Dipole moment           0.00000000     0.00000000     0.00000000
 Dipole moment /Debye                   0.00000000     0.00000000     0.00000000

 ELECTRON ORBITALS
 =================


   Orb  Occ    Energy  Couls-En    Coefficients

                                   1 1s      1 1s      1 1s      1 1s      1 1s      1 1s      1 3d0     1 3d2+    1 3d0     1 3d2+ 
                                   1 3d0     1 3d2+    1 3d0     1 3d2+    1 5g0     1 5g4+    1 5g2+    1 5g0     1 5g4+    1 5g2+ 


   1.1   2    -4.7327  -12.6748  0.999991 -0.000039 -0.000004  0.000012  0.000022  0.000011  0.000000  0.000000 -0.000000 -0.000000
                                 0.000000  0.000000 -0.000000 -0.000000  0.000000  0.000000  0.000000 -0.000000 -0.000000 -0.000000

   2.1   2    -0.3093   -1.8982 -0.000043  0.999821 -0.000018  0.000058  0.000098  0.000050 -0.000000 -0.000000  0.000000  0.000000
                                -0.000000 -0.000000  0.000000  0.000000 -0.000000 -0.000000 -0.000000  0.000000  0.000000  0.000000

 HOMO      2.1    -0.309264 =      -8.4155eV
 LUMO      1.2     0.038192 =       1.0393eV
 LUMO-HOMO         0.347456 =       9.4547eV


 **********************************************************************************************************************************
 DATASETS  * FILE   NREC   LENGTH (MB)   RECORD NAMES
              1      19       24.05       500      610      700      900      950      970     1000      129      960     1100   
                                          VAR    BASINP    GEOM    SYMINP    ZMAT    AOBASIS   BASIS     P2S    ABASIS      S 
                                         1400     1410     1200     1210     1080     1600     1650     1300     1700   
                                           T        V       H0       H01     AOSYM     SMH    MOLCAS    ERIS     OPER   

              2       4        2.78       700     1000      520     2100   
                                         GEOM     BASIS   MCVARS     RHF  

 PROGRAMS   *        TOTAL        HF       INT
 CPU TIMES  *         2.82      0.02      2.71
 REAL TIME  *         6.52 SEC
 DISK USED  *        39.52 MB      
 **********************************************************************************************************************************


 PROGRAM * MULTI (Direct Multiconfiguration SCF)       Authors: P.J. Knowles, H.-J. Werner (1984)     S.T. Elbert (1988)


 Number of closed-shell orbitals:   1 (   1   0   0   0   0   0   0   0 )
 Number of active  orbitals:        4 (   1   1   1   0   1   0   0   0 )
 Number of external orbitals:      86 (  18  13  13   8  13   8   8   5 )

 State symmetry 1

 Number of electrons:     2    Spin symmetry=Singlet   Space symmetry=1
 Number of states:        1
 Number of CSFs:          4   (4 determinants, 16 intermediate states)

 Molecular orbitals read from record     2100.2  Type=RHF/CANONICAL (state 1.1)

 EXTRA SYMMETRY OF MOS IN SYMMETRY 1:   1 1 1 3 2 1 2 3 6 5   4 1 2 3 6 4 5 2 3 1
 EXTRA SYMMETRY OF MOS IN SYMMETRY 2:   1 1 1 3 2 1 2 3 6 5   4 1 2 3
 EXTRA SYMMETRY OF MOS IN SYMMETRY 3:   1 1 1 3 2 1 2 3 6 5   4 1 2 3
 EXTRA SYMMETRY OF MOS IN SYMMETRY 4:   1 1 3 2 1 3 2 1
 EXTRA SYMMETRY OF MOS IN SYMMETRY 5:   1 1 1 2 3 1 3 2 6 4   5 1 3 2
 EXTRA SYMMETRY OF MOS IN SYMMETRY 6:   1 1 2 3 1 2 3 1
 EXTRA SYMMETRY OF MOS IN SYMMETRY 7:   1 1 2 3 1 2 3 1
 EXTRA SYMMETRY OF MOS IN SYMMETRY 8:   1 1 3 2 1

 Wavefunction dump at record             2140.2

 Convergence thresholds  0.10E-01 (gradient)  0.10E-05 (energy)  0.10E-02 (step length)

 Number of orbital rotations:       76   (     1 Core/Active     18 Core/Virtual   0 Active/Active     57 Active/Virtual)
 Total number of variables:         80


 ITER. MIC  NCI  NEG     ENERGY(VAR)     ENERGY(PROJ)   ENERGY CHANGE     GRAD(0)  GRAD(ORB)   GRAD(CI)     STEP       TIME

   1   16    7    0     -14.58033113     -14.61875352   -0.03842239    0.01242440 0.00000008 0.00000000  0.11D+01      0.02
   2   16    8    0     -14.61603251     -14.61682489   -0.00079238    0.01124036 0.00000000 0.00000000  0.13D+00      0.03
   3   16    5    0     -14.61682525     -14.61682526   -0.00000001    0.00004852 0.00000000 0.00000000  0.34D-03      0.04

 ** WVFN ****  CONVERGENCE REACHED, FINAL GRADIENT:  0.27D-08


 First order charge density matrix for state 1.1 saved on record  2140.2 (density set 1)

 Results for state 1.1
 =====================

 !MCSCF STATE 1.1 Energy              -14.616825260425
 Nuclear energy                         0.00000000
 Kinetic energy                        14.61690922
 One electron energy                  -19.08295568
 Two electron energy                    4.46613042
 Virial ratio                           1.99999426

 !MCSCF STATE 1.1 Dipole moment         0.00000000     0.00000000     0.00000000
 Dipole moment /Debye                   0.00000000     0.00000000     0.00000000


 NATURAL ORBITALS
 ================

   Orb     Occ        Energy       Coefficients

                                   1 1s      1 1s      1 1s      1 1s      1 1s      1 1s      1 3d0     1 3d2+    1 3d0     1 3d2+ 
                                   1 3d0     1 3d2+    1 3d0     1 3d2+    1 5g0     1 5g4+    1 5g2+    1 5g0     1 5g4+    1 5g2+ 


   1.1  2.00000    -4.711645     1.000555 -0.008893  0.000577 -0.000805 -0.002793 -0.000262  0.000000  0.000000  0.000000  0.000000
                                 0.000000  0.000000  0.000000  0.000000  0.000000  0.000000  0.000000  0.000000  0.000000  0.000000

   2.1  1.80512    -0.277661     0.008757  1.003029 -0.005979  0.012711  0.043115 -0.060179  0.000000  0.000000  0.000000  0.000000
                                 0.000000  0.000000  0.000000  0.000000  0.000000  0.000000  0.000000  0.000000  0.000000  0.000000

                                   1 2px     1 2px     1 2px     1 2px     1 2px     1 4f1+    1 4f3+    1 4f1+    1 4f3+    1 4f1+ 
                                   1 4f3+    1 6h1+    1 6h3+    1 6h5+ 

   1.2  0.06496     0.115733     0.861946  0.056751  0.204350 -0.049812 -0.100071  0.000000  0.000000  0.000000  0.000000  0.000000
                                 0.000000  0.000000  0.000000  0.000000

                                   1 2py     1 2py     1 2py     1 2py     1 2py     1 4f1-    1 4f3-    1 4f1-    1 4f3-    1 4f1- 
                                   1 4f3-    1 6h1-    1 6h3-    1 6h5- 

   1.3  0.06496     0.115733     0.861946  0.056751  0.204350 -0.049812 -0.100071  0.000000  0.000000  0.000000  0.000000  0.000000
                                 0.000000  0.000000  0.000000  0.000000

                                   1 2pz     1 2pz     1 2pz     1 2pz     1 2pz     1 4f0     1 4f2+    1 4f0     1 4f2+    1 4f0  
                                   1 4f2+    1 6h2+    1 6h4+    1 6h0  

   1.5  0.06496     0.115733     0.861946  0.056751  0.204350 -0.049812 -0.100071  0.000000  0.000000  0.000000  0.000000  0.000000
                                 0.000000  0.000000  0.000000  0.000000
 

 EXTRA SYMMETRY OF MOS IN SYMMETRY 1:   1 1 1 3 2 1 3 2 4 5   6 1 3 2 4 6 5 2 3 1
 EXTRA SYMMETRY OF MOS IN SYMMETRY 2:   1 1 1 2 3 1 2 3 6 4   5 1 2 3
 EXTRA SYMMETRY OF MOS IN SYMMETRY 3:   1 1 1 2 3 1 2 3 6 4   5 1 2 3
 EXTRA SYMMETRY OF MOS IN SYMMETRY 4:   1 1 3 2 1 2 3 1
 EXTRA SYMMETRY OF MOS IN SYMMETRY 5:   1 1 1 3 2 1 3 2 5 6   4 1 2 3
 EXTRA SYMMETRY OF MOS IN SYMMETRY 8:   1 1 2 3 1

 Natural orbital dump at molpro section  2140.2    (Orbital set 2)



 **********************************************************************************************************************************
 DATASETS  * FILE   NREC   LENGTH (MB)   RECORD NAMES
              1      20       24.28       500      610      700      900      950      970     1000      129      960     1100   
                                          VAR    BASINP    GEOM    SYMINP    ZMAT    AOBASIS   BASIS     P2S    ABASIS      S 
                                         1400     1410     1200     1210     1080     1600     1650     1300     1700     1380   
                                           T        V       H0       H01     AOSYM     SMH    MOLCAS    ERIS     OPER     JKOP   

              2       5        5.32       700     1000      520     2100     2140   
                                         GEOM     BASIS   MCVARS     RHF     MCSCF   

 PROGRAMS   *        TOTAL     MULTI        HF       INT
 CPU TIMES  *         2.88      0.06      0.02      2.71
 REAL TIME  *         6.64 SEC
 DISK USED  *        39.52 MB      
 **********************************************************************************************************************************


 PROGRAM * FCI (Full CI)     Author: P.J. Knowles, 1984

 ***  Initialisation ***
 
 Molecular orbitals read from record     2140.2  Type=MCSCF/NATURAL (state 1.1)
 
 Frozen orbitals:              0 (  0  0  0  0  0  0  0  0)
 Active orbitals:             91 ( 20 14 14  8 14  8  8  5)
 Active electrons:             4
 Spin quantum number:          0.0

 Transformed integrals will be written to file FCIDUMP (relative to TMPDIR)
 File format: FCIDUMP.

 Load integrals                2.9 sec
 Transform integrals           3.5 sec
 Storage for integrals:        2234761
 Remaining memory:           *********

 Core energy:               0.00000000
 Run Hamiltonian processor DUMP    
 Symmetry:                   1
 Trial vector:                  0.00
 Result vector:                 0.00
 Maximum iterations:           90
 Convergence threshold:         0.0000100
 RHS vector:                    0.00
 Hamiltonian shift:             0.0000000
 Output threshold:              0.0500000
 Options:                        0
 Number of roots:             1


 **********************************************************************************************************************************
 DATASETS  * FILE   NREC   LENGTH (MB)   RECORD NAMES
              1      20       24.28       500      610      700      900      950      970     1000      129      960     1100   
                                          VAR    BASINP    GEOM    SYMINP    ZMAT    AOBASIS   BASIS     P2S    ABASIS      S 
                                         1400     1410     1200     1210     1080     1600     1650     1300     1700     1380   
                                           T        V       H0       H01     AOSYM     SMH    MOLCAS    ERIS     OPER     JKOP   

              2       5        5.32       700     1000      520     2100     2140   
                                         GEOM     BASIS   MCVARS     RHF     MCSCF   

 PROGRAMS   *        TOTAL       FCI     MULTI        HF       INT
 CPU TIMES  *         7.38      4.50      0.06      0.02      2.71
 REAL TIME  *        15.78 SEC
 DISK USED  *        39.52 MB      
 **********************************************************************************************************************************

 FCI/cc-pV5Z energy=      0.000000000000

        MULTI           HF-SCF  
    -14.61682526    -14.57301204
 **********************************************************************************************************************************
 Molpro calculation terminated
 Variable memory released
