
 Primary working directories    : /algpfs/samanta/scratch/mpscr.26520
 Secondary working directories  : /algpfs/samanta/scratch/mpscr.26520
 Wavefunction directory         : /home/samanta/wfu/
 Main file repository           : /algpfs/samanta/scratch/mpscr.26520/

 SHA1      : 15e287e0c8790f314a3b7626b3b23257946cfd9d
 NAME      : 2015.1.33
 ARCHNAME  : linux/x86_64
 FC        : /opt/intel/composer_xe_2015.1.133/bin/intel64/ifort
 BLASLIB   : -Wl,-_start-group /opt/intel/mkl/lib/intel64/libmkl_intel_ilp64.a /opt/intel/mkl/lib/intel64/libmkl_intel_thread.a /opt/intel/mkl/lib/intel64/libmkl_core.a -Wl,-_end-group
 id        : fkfmpg

 Nodes     nprocs
 alnode002    1

 Using customized tuning parameters: mindgm=1; mindgv=20; mindgc=4; mindgr=1; noblas=0; minvec=7
 default implementation of scratch files=df  

 ***,Fe atom, state-averaged CASSCF calculation
 
 memory,10000,m
 gprint,orbitals,basis
 
 
 geom={Be}
 
 basis=aug-cc-pV5Z
 
 {hf
 wf,4,1,0}
 
 {multi
 closed,1,0,0,0,0,0,0,0
 occ,2,1,1,0,1,0,0,0
 wf,4,1,0
 }
 
 core,0,0,0,0,0,0,0,0
 fci;dump

 Variables initialized (889), CPU time= 0.01 sec
 Commands  initialized (702), CPU time= 0.01 sec, 572 directives.
 Default parameters read. Elapsed time= 0.07 sec

 Checking input...
 Passed
1


                                         ***  PROGRAM SYSTEM MOLPRO  ***
                                       Copyright, TTI GmbH Stuttgart, 2015
                                    Version 2015.1 linked May 14 2018 10:23:42


 **********************************************************************************************************************************
 LABEL *   Fe atom, state-averaged CASSCF calculation                                    
  64 bit serial version                                                                  DATE: 20-Sep-18          TIME: 10:42:00  
 **********************************************************************************************************************************

 SHA1:             15e287e0c8790f314a3b7626b3b23257946cfd9d
 **********************************************************************************************************************************


 Variable memory set to ********** words,  buffer space   230000 words

 SETTING BASIS          =    AUG-CC-PV5Z


 Recomputing integrals since basis changed


 Using spherical harmonics

 Library entry BE     S aug-cc-pV5Z          selected for orbital group  1
 Library entry BE     P aug-cc-pV5Z          selected for orbital group  1
 Library entry BE     D aug-cc-pV5Z          selected for orbital group  1
 Library entry BE     F aug-cc-pV5Z          selected for orbital group  1
 Library entry BE     G aug-cc-pV5Z          selected for orbital group  1
 Library entry BE     H aug-cc-pV5Z          selected for orbital group  1


 PROGRAM * SEWARD (Integral evaluation for generally contracted gaussian basis sets)     Author: Roland Lindh, 1990

 Geometry written to block  1 of record 700

 Orientation using atomic masses  
 Molecule type: Atom
 Symmetry elements: X,Y,Z
 Rotational constants:       0.0000000      0.0000000      0.0000000 GHz  (calculated with average atomic masses)

 Point group  D2h 



 ATOMIC COORDINATES

 NR  ATOM    CHARGE       X              Y              Z

   1  BE      4.00    0.000000000    0.000000000    0.000000000


 BASIS DATA

   Nr Sym  Nuc  Type         Exponents   Contraction coefficients

    1.1 Ag    1  1s       54620.000000     0.000018   -0.000003    0.000000    0.000000    0.000000    0.000000
    2.1 Ag                 8180.000000     0.000138   -0.000025    0.000000    0.000000    0.000000    0.000000
    3.1 Ag                 1862.000000     0.000723   -0.000131    0.000000    0.000000    0.000000    0.000000
    4.1 Ag                  527.300000     0.003039   -0.000558    0.000000    0.000000    0.000000    0.000000
    5.1 Ag                  172.000000     0.010908   -0.001988    0.000000    0.000000    0.000000    0.000000
    6.1 Ag                   62.100000     0.034035   -0.006370    0.000000    0.000000    0.000000    0.000000
                             24.210000     0.091193   -0.017217    0.000000    0.000000    0.000000    0.000000
                              9.993000     0.199268   -0.040858    0.000000    0.000000    0.000000    0.000000
                              4.305000     0.329355   -0.074237    0.000000    0.000000    0.000000    0.000000
                              1.921000     0.340489   -0.119234    0.000000    0.000000    0.000000    0.000000
                              0.866300     0.143740   -0.087777    1.000000    0.000000    0.000000    0.000000
                              0.247500     0.006517    0.278788    0.000000    1.000000    0.000000    0.000000
                              0.100900    -0.001865    0.583499    0.000000    0.000000    1.000000    0.000000
                              0.041290     0.000480    0.269007    0.000000    0.000000    0.000000    1.000000
    7.1 Ag    1  1s           0.012800     1.000000
    8.1 Ag    1  3d0          1.717500     1.000000
    9.1 Ag    1  3d2+         1.717500     1.000000
   10.1 Ag    1  3d0          0.764600     1.000000
   11.1 Ag    1  3d2+         0.764600     1.000000
   12.1 Ag    1  3d0          0.340400     1.000000
   13.1 Ag    1  3d2+         0.340400     1.000000
   14.1 Ag    1  3d0          0.151500     1.000000
   15.1 Ag    1  3d2+         0.151500     1.000000
   16.1 Ag    1  3d0          0.042800     1.000000
   17.1 Ag    1  3d2+         0.042800     1.000000
   18.1 Ag    1  5g0          0.598000     1.000000
   19.1 Ag    1  5g4+         0.598000     1.000000
   20.1 Ag    1  5g2+         0.598000     1.000000
   21.1 Ag    1  5g0          0.318300     1.000000
   22.1 Ag    1  5g4+         0.318300     1.000000
   23.1 Ag    1  5g2+         0.318300     1.000000
   24.1 Ag    1  5g0          0.097900     1.000000
   25.1 Ag    1  5g4+         0.097900     1.000000
   26.1 Ag    1  5g2+         0.097900     1.000000
    1.2 B3u   1  2px         43.750000     0.000633    0.000000    0.000000    0.000000    0.000000
    2.2 B3u                  10.330000     0.004808    0.000000    0.000000    0.000000    0.000000
    3.2 B3u                   3.226000     0.020527    0.000000    0.000000    0.000000    0.000000
    4.2 B3u                   1.127000     0.067816    0.000000    0.000000    0.000000    0.000000
    5.2 B3u                   0.433400     0.192868    1.000000    0.000000    0.000000    0.000000
                              0.180800     0.378692    0.000000    1.000000    0.000000    0.000000
                              0.078270     0.400574    0.000000    0.000000    1.000000    0.000000
                              0.033720     0.138067    0.000000    0.000000    0.000000    1.000000
    6.2 B3u   1  2px          0.007600     1.000000
    7.2 B3u   1  4f1+         0.612700     1.000000
    8.2 B3u   1  4f3+         0.612700     1.000000
    9.2 B3u   1  4f1+         0.356800     1.000000
   10.2 B3u   1  4f3+         0.356800     1.000000
   11.2 B3u   1  4f1+         0.207800     1.000000
   12.2 B3u   1  4f3+         0.207800     1.000000
   13.2 B3u   1  4f1+         0.071900     1.000000
   14.2 B3u   1  4f3+         0.071900     1.000000
   15.2 B3u   1  6h1+         0.514200     1.000000
   16.2 B3u   1  6h3+         0.514200     1.000000
   17.2 B3u   1  6h5+         0.514200     1.000000
   18.2 B3u   1  6h1+         0.203300     1.000000
   19.2 B3u   1  6h3+         0.203300     1.000000
   20.2 B3u   1  6h5+         0.203300     1.000000
    1.3 B2u   1  2py         43.750000     0.000633    0.000000    0.000000    0.000000    0.000000
    2.3 B2u                  10.330000     0.004808    0.000000    0.000000    0.000000    0.000000
    3.3 B2u                   3.226000     0.020527    0.000000    0.000000    0.000000    0.000000
    4.3 B2u                   1.127000     0.067816    0.000000    0.000000    0.000000    0.000000
    5.3 B2u                   0.433400     0.192868    1.000000    0.000000    0.000000    0.000000
                              0.180800     0.378692    0.000000    1.000000    0.000000    0.000000
                              0.078270     0.400574    0.000000    0.000000    1.000000    0.000000
                              0.033720     0.138067    0.000000    0.000000    0.000000    1.000000
    6.3 B2u   1  2py          0.007600     1.000000
    7.3 B2u   1  4f1-         0.612700     1.000000
    8.3 B2u   1  4f3-         0.612700     1.000000
    9.3 B2u   1  4f1-         0.356800     1.000000
   10.3 B2u   1  4f3-         0.356800     1.000000
   11.3 B2u   1  4f1-         0.207800     1.000000
   12.3 B2u   1  4f3-         0.207800     1.000000
   13.3 B2u   1  4f1-         0.071900     1.000000
   14.3 B2u   1  4f3-         0.071900     1.000000
   15.3 B2u   1  6h1-         0.514200     1.000000
   16.3 B2u   1  6h3-         0.514200     1.000000
   17.3 B2u   1  6h5-         0.514200     1.000000
   18.3 B2u   1  6h1-         0.203300     1.000000
   19.3 B2u   1  6h3-         0.203300     1.000000
   20.3 B2u   1  6h5-         0.203300     1.000000
    1.4 B1g   1  3d2-         1.717500     1.000000
    2.4 B1g   1  3d2-         0.764600     1.000000
    3.4 B1g   1  3d2-         0.340400     1.000000
    4.4 B1g   1  3d2-         0.151500     1.000000
    5.4 B1g   1  3d2-         0.042800     1.000000
    6.4 B1g   1  5g2-         0.598000     1.000000
    7.4 B1g   1  5g4-         0.598000     1.000000
    8.4 B1g   1  5g2-         0.318300     1.000000
    9.4 B1g   1  5g4-         0.318300     1.000000
   10.4 B1g   1  5g2-         0.097900     1.000000
   11.4 B1g   1  5g4-         0.097900     1.000000
    1.5 B1u   1  2pz         43.750000     0.000633    0.000000    0.000000    0.000000    0.000000
    2.5 B1u                  10.330000     0.004808    0.000000    0.000000    0.000000    0.000000
    3.5 B1u                   3.226000     0.020527    0.000000    0.000000    0.000000    0.000000
    4.5 B1u                   1.127000     0.067816    0.000000    0.000000    0.000000    0.000000
    5.5 B1u                   0.433400     0.192868    1.000000    0.000000    0.000000    0.000000
                              0.180800     0.378692    0.000000    1.000000    0.000000    0.000000
                              0.078270     0.400574    0.000000    0.000000    1.000000    0.000000
                              0.033720     0.138067    0.000000    0.000000    0.000000    1.000000
    6.5 B1u   1  2pz          0.007600     1.000000
    7.5 B1u   1  4f0          0.612700     1.000000
    8.5 B1u   1  4f2+         0.612700     1.000000
    9.5 B1u   1  4f0          0.356800     1.000000
   10.5 B1u   1  4f2+         0.356800     1.000000
   11.5 B1u   1  4f0          0.207800     1.000000
   12.5 B1u   1  4f2+         0.207800     1.000000
   13.5 B1u   1  4f0          0.071900     1.000000
   14.5 B1u   1  4f2+         0.071900     1.000000
   15.5 B1u   1  6h2+         0.514200     1.000000
   16.5 B1u   1  6h4+         0.514200     1.000000
   17.5 B1u   1  6h0          0.514200     1.000000
   18.5 B1u   1  6h2+         0.203300     1.000000
   19.5 B1u   1  6h4+         0.203300     1.000000
   20.5 B1u   1  6h0          0.203300     1.000000
    1.6 B2g   1  3d1+         1.717500     1.000000
    2.6 B2g   1  3d1+         0.764600     1.000000
    3.6 B2g   1  3d1+         0.340400     1.000000
    4.6 B2g   1  3d1+         0.151500     1.000000
    5.6 B2g   1  3d1+         0.042800     1.000000
    6.6 B2g   1  5g1+         0.598000     1.000000
    7.6 B2g   1  5g3+         0.598000     1.000000
    8.6 B2g   1  5g1+         0.318300     1.000000
    9.6 B2g   1  5g3+         0.318300     1.000000
   10.6 B2g   1  5g1+         0.097900     1.000000
   11.6 B2g   1  5g3+         0.097900     1.000000
    1.7 B3g   1  3d1-         1.717500     1.000000
    2.7 B3g   1  3d1-         0.764600     1.000000
    3.7 B3g   1  3d1-         0.340400     1.000000
    4.7 B3g   1  3d1-         0.151500     1.000000
    5.7 B3g   1  3d1-         0.042800     1.000000
    6.7 B3g   1  5g1-         0.598000     1.000000
    7.7 B3g   1  5g3-         0.598000     1.000000
    8.7 B3g   1  5g1-         0.318300     1.000000
    9.7 B3g   1  5g3-         0.318300     1.000000
   10.7 B3g   1  5g1-         0.097900     1.000000
   11.7 B3g   1  5g3-         0.097900     1.000000
    1.8 Au    1  4f2-         0.612700     1.000000
    2.8 Au    1  4f2-         0.356800     1.000000
    3.8 Au    1  4f2-         0.207800     1.000000
    4.8 Au    1  4f2-         0.071900     1.000000
    5.8 Au    1  6h4-         0.514200     1.000000
    6.8 Au    1  6h2-         0.514200     1.000000
    7.8 Au    1  6h4-         0.203300     1.000000
    8.8 Au    1  6h2-         0.203300     1.000000

 NUCLEAR CHARGE:                    4
 NUMBER OF PRIMITIVE AOS:         199
 NUMBER OF SYMMETRY AOS:          144
 NUMBER OF CONTRACTIONS:          127   (  26Ag  +  20B3u +  20B2u +  11B1g +  20B1u +  11B2g +  11B3g +   8Au  )
 NUMBER OF CORE ORBITALS:           1   (   1Ag  +   0B3u +   0B2u +   0B1g +   0B1u +   0B2g +   0B3g +   0Au  )
 NUMBER OF VALENCE ORBITALS:        4   (   1Ag  +   1B3u +   1B2u +   0B1g +   1B1u +   0B2g +   0B3g +   0Au  )


 NUCLEAR REPULSION ENERGY    0.00000000

 EXTRA SYMMETRY OF AOS IN SYMMETRY 1:   1 1 1 1 1 1 1 2 3 2   3 2 3 2 3 2 3 4 5 6   4 5 6 4 5 6
 EXTRA SYMMETRY OF AOS IN SYMMETRY 2:   1 1 1 1 1 1 2 3 2 3   2 3 2 3 4 5 6 4 5 6
 EXTRA SYMMETRY OF AOS IN SYMMETRY 3:   1 1 1 1 1 1 2 3 2 3   2 3 2 3 4 5 6 4 5 6
 EXTRA SYMMETRY OF AOS IN SYMMETRY 4:   1 1 1 1 1 2 3 2 3 2   3
 EXTRA SYMMETRY OF AOS IN SYMMETRY 5:   1 1 1 1 1 1 2 3 2 3   2 3 2 3 4 5 6 4 5 6
 EXTRA SYMMETRY OF AOS IN SYMMETRY 6:   1 1 1 1 1 2 3 2 3 2   3
 EXTRA SYMMETRY OF AOS IN SYMMETRY 7:   1 1 1 1 1 2 3 2 3 2   3
 EXTRA SYMMETRY OF AOS IN SYMMETRY 8:   1 1 1 1 2 3 2 3

 Eigenvalues of metric

         1 0.796E-04 0.121E-01 0.412E-01 0.412E-01 0.772E-01 0.186E+00 0.186E+00 0.186E+00
         2 0.197E-02 0.255E-01 0.255E-01 0.267E-01 0.172E+00 0.306E+00 0.306E+00 0.491E+00
         3 0.197E-02 0.255E-01 0.255E-01 0.267E-01 0.172E+00 0.306E+00 0.306E+00 0.491E+00
         4 0.412E-01 0.186E+00 0.186E+00 0.221E+00 0.687E+00 0.889E+00 0.889E+00 0.137E+01
         5 0.197E-02 0.255E-01 0.255E-01 0.267E-01 0.172E+00 0.306E+00 0.306E+00 0.491E+00
         6 0.412E-01 0.186E+00 0.186E+00 0.221E+00 0.687E+00 0.889E+00 0.889E+00 0.137E+01
         7 0.412E-01 0.186E+00 0.186E+00 0.221E+00 0.687E+00 0.889E+00 0.889E+00 0.137E+01
         8 0.255E-01 0.306E+00 0.491E+00 0.491E+00 0.997E+00 0.151E+01 0.151E+01 0.267E+01


 Contracted 2-electron integrals neglected if value below      1.0D-11
 AO integral compression algorithm  1   Integral accuracy      1.0D-11

     23.331 MB (compressed) written to integral file ( 40.8%)


 NUMBER OF SORTED TWO-ELECTRON INTEGRALS:    4292178.     BUFFER LENGTH:  32768
 NUMBER OF SEGMENTS:   1  SEGMENT LENGTH:    4292178      RECORD LENGTH: 524288

 Memory used in sort:       4.85 MW

 SORT1 READ     7152737. AND WROTE     2975873. INTEGRALS IN      9 RECORDS. CPU TIME:     0.16 SEC, REAL TIME:     0.18 SEC
 SORT2 READ     2975873. AND WROTE     4292178. INTEGRALS IN     89 RECORDS. CPU TIME:     0.16 SEC, REAL TIME:     0.20 SEC

 FILE SIZES:   FILE 1:    43.6 MBYTE,  FILE 4:    37.8 MBYTE,   TOTAL:     81.4 MBYTE

 OPERATOR DM      FOR CENTER  0  COORDINATES:    0.000000    0.000000    0.000000


 **********************************************************************************************************************************
 DATASETS  * FILE   NREC   LENGTH (MB)   RECORD NAMES
              1      19       34.00       500      610      700      900      950      970     1000      129      960     1100   
                                          VAR    BASINP    GEOM    SYMINP    ZMAT    AOBASIS   BASIS     P2S    ABASIS      S 
                                         1400     1410     1200     1210     1080     1600     1650     1300     1700   
                                           T        V       H0       H01     AOSYM     SMH    MOLCAS    ERIS     OPER   

 PROGRAMS   *        TOTAL       INT
 CPU TIMES  *         3.58      3.48
 REAL TIME  *         6.93 SEC
 DISK USED  *        81.66 MB      
 **********************************************************************************************************************************


 PROGRAM * RHF-SCF (CLOSED SHELL)       Authors: W. Meyer, H.-J. Werner


 NUMBER OF ELECTRONS:       2+    2-    SPACE SYMMETRY=1    SPIN SYMMETRY: Singlet 
 CONVERGENCE THRESHOLDS:    1.00E-05 (Density)    1.00E-07 (Energy)
 MAX. NUMBER OF ITERATIONS:       60
 INTERPOLATION TYPE:            DIIS
 INTERPOLATION STEPS:              2 (START)      1 (STEP)
 LEVEL SHIFTS:                  0.00 (CLOSED)  0.00 (OPEN) 



 Orbital guess generated from atomic densities. Full valence occupancy:    2   0   0   0   0   0   0   0


 Molecular orbital dump at record        2100.2

 Initial occupancy:   2   0   0   0   0   0   0   0

 ITERATION    DDIFF          GRAD             ENERGY        2-EL.EN.            DIPOLE MOMENTS         DIIS   ORB.
    1      0.000D+00      0.000D+00       -14.57301248      8.978255    0.00000    0.00000    0.00000    0    start
    2      0.000D+00      0.919D-05       -14.57301251      8.978226    0.00000    0.00000    0.00000    0    orth

 Final occupancy:   2   0   0   0   0   0   0   0

 !RHF STATE 1.1 Energy                -14.573012506829
 Nuclear energy                         0.00000000
 One-electron energy                  -19.06212537
 Two-electron energy                    4.48911287
 Virial quotient                       -1.00000369
 !RHF STATE 1.1 Dipole moment           0.00000000     0.00000000     0.00000000
 Dipole moment /Debye                   0.00000000     0.00000000     0.00000000

 ELECTRON ORBITALS
 =================


   Orb  Occ    Energy  Couls-En    Coefficients

                                   1 1s      1 1s      1 1s      1 1s      1 1s      1 1s      1 1s      1 3d0     1 3d2+    1 3d0  
                                   1 3d2+    1 3d0     1 3d2+    1 3d0     1 3d2+    1 3d0     1 3d2+    1 5g0     1 5g4+    1 5g2+ 
                                   1 5g0     1 5g4+    1 5g2+    1 5g0     1 5g4+    1 5g2+ 

   1.1   2    -4.7327  -12.6748  0.999926 -0.000348 -0.000068  0.000233 -0.000065  0.000384 -0.000163 -0.000000 -0.000000  0.000000
                                 0.000000 -0.000000 -0.000000  0.000000  0.000000 -0.000000 -0.000000  0.000000 -0.000000 -0.000000
                                -0.000000  0.000000  0.000000  0.000000 -0.000000 -0.000000

   2.1   2    -0.3093   -1.8982  0.000117  1.000579  0.000179 -0.000812  0.001377 -0.002550  0.001666 -0.000000  0.000000  0.000000
                                -0.000000 -0.000000  0.000000  0.000000 -0.000000 -0.000000 -0.000000 -0.000000  0.000000  0.000000
                                 0.000000 -0.000000 -0.000000 -0.000000  0.000000  0.000000

 HOMO      2.1    -0.309270 =      -8.4157eV
 LUMO      1.2     0.015255 =       0.4151eV
 LUMO-HOMO         0.324524 =       8.8308eV


 **********************************************************************************************************************************
 DATASETS  * FILE   NREC   LENGTH (MB)   RECORD NAMES
              1      19       34.00       500      610      700      900      950      970     1000      129      960     1100   
                                          VAR    BASINP    GEOM    SYMINP    ZMAT    AOBASIS   BASIS     P2S    ABASIS      S 
                                         1400     1410     1200     1210     1080     1600     1650     1300     1700   
                                           T        V       H0       H01     AOSYM     SMH    MOLCAS    ERIS     OPER   

              2       4        2.80       700     1000      520     2100   
                                         GEOM     BASIS   MCVARS     RHF  

 PROGRAMS   *        TOTAL        HF       INT
 CPU TIMES  *         3.62      0.04      3.48
 REAL TIME  *         6.97 SEC
 DISK USED  *        81.66 MB      
 **********************************************************************************************************************************


 PROGRAM * MULTI (Direct Multiconfiguration SCF)       Authors: P.J. Knowles, H.-J. Werner (1984)     S.T. Elbert (1988)


 Number of closed-shell orbitals:   1 (   1   0   0   0   0   0   0   0 )
 Number of active  orbitals:        4 (   1   1   1   0   1   0   0   0 )
 Number of external orbitals:     122 (  24  19  19  11  19  11  11   8 )

 State symmetry 1

 Number of electrons:     2    Spin symmetry=Singlet   Space symmetry=1
 Number of states:        1
 Number of CSFs:          4   (4 determinants, 16 intermediate states)

 Molecular orbitals read from record     2100.2  Type=RHF/CANONICAL (state 1.1)

 EXTRA SYMMETRY OF MOS IN SYMMETRY 1:   1 1 1 3 2 1 2 3 6 5   4 1 2 3 6 4 5 1 2 3   6 4 5 2 3 1
 EXTRA SYMMETRY OF MOS IN SYMMETRY 2:   1 1 1 3 2 1 3 2 1 6   5 4 3 2 6 5 4 1 2 3
 EXTRA SYMMETRY OF MOS IN SYMMETRY 3:   1 1 1 3 2 1 3 2 1 6   5 4 3 2 6 5 4 1 2 3
 EXTRA SYMMETRY OF MOS IN SYMMETRY 4:   1 1 3 2 1 3 2 1 3 2   1
 EXTRA SYMMETRY OF MOS IN SYMMETRY 5:   1 1 1 2 3 1 2 3 1 6   4 5 3 2 6 5 4 1 3 2
 EXTRA SYMMETRY OF MOS IN SYMMETRY 6:   1 1 2 3 1 2 3 1 2 3   1
 EXTRA SYMMETRY OF MOS IN SYMMETRY 7:   1 1 3 2 1 2 3 1 2 3   1
 EXTRA SYMMETRY OF MOS IN SYMMETRY 8:   1 1 3 2 1 3 2 1

 Wavefunction dump at record             2140.2

 Convergence thresholds  0.10E-01 (gradient)  0.10E-05 (energy)  0.10E-02 (step length)

 Number of orbital rotations:      106   (     1 Core/Active     24 Core/Virtual   0 Active/Active     81 Active/Virtual)
 Total number of variables:        110


 ITER. MIC  NCI  NEG     ENERGY(VAR)     ENERGY(PROJ)   ENERGY CHANGE     GRAD(0)  GRAD(ORB)   GRAD(CI)     STEP       TIME

   1   29    7    0     -14.57312060     -14.63272071   -0.05960012    0.00050906 0.00000006 0.00000000  0.16D+01      0.04
   2   22    8    0     -14.61347480     -14.61681881   -0.00334401    0.02489419 0.00000000 0.00000000  0.28D+00      0.07
   3   19    8    0     -14.61682503     -14.61682542   -0.00000038    0.00028277 0.00000000 0.00000000  0.25D-02      0.10
   4   23    5    0     -14.61682542     -14.61682542   -0.00000000    0.00000009 0.00000000 0.00000000  0.11D-05      0.13

 ** WVFN ****  CONVERGENCE REACHED, FINAL GRADIENT:  0.15D-09


 First order charge density matrix for state 1.1 saved on record  2140.2 (density set 1)

 Results for state 1.1
 =====================

 !MCSCF STATE 1.1 Energy              -14.616825417265
 Nuclear energy                         0.00000000
 Kinetic energy                        14.61690969
 One electron energy                  -19.08296827
 Two electron energy                    4.46614285
 Virial ratio                           1.99999423

 !MCSCF STATE 1.1 Dipole moment         0.00000000     0.00000000     0.00000000
 Dipole moment /Debye                   0.00000000     0.00000000     0.00000000


 NATURAL ORBITALS
 ================

   Orb     Occ        Energy       Coefficients

                                   1 1s      1 1s      1 1s      1 1s      1 1s      1 1s      1 1s      1 3d0     1 3d2+    1 3d0  
                                   1 3d2+    1 3d0     1 3d2+    1 3d0     1 3d2+    1 3d0     1 3d2+    1 5g0     1 5g4+    1 5g2+ 
                                   1 5g0     1 5g4+    1 5g2+    1 5g0     1 5g4+    1 5g2+ 

   1.1  2.00000    -4.711640     1.000488 -0.009210  0.000511 -0.000580 -0.002876  0.000109 -0.000159  0.000000  0.000000  0.000000
                                 0.000000  0.000000  0.000000  0.000000  0.000000  0.000000  0.000000  0.000000  0.000000  0.000000
                                 0.000000  0.000000  0.000000  0.000000  0.000000  0.000000

   2.1  1.80512    -0.277659     0.008673  1.002633 -0.006081  0.013163  0.042451 -0.058832 -0.000857  0.000000  0.000000  0.000000
                                 0.000000  0.000000  0.000000  0.000000  0.000000  0.000000  0.000000  0.000000  0.000000  0.000000
                                 0.000000  0.000000  0.000000  0.000000  0.000000  0.000000

                                   1 2px     1 2px     1 2px     1 2px     1 2px     1 2px     1 4f1+    1 4f3+    1 4f1+    1 4f3+ 
                                   1 4f1+    1 4f3+    1 4f1+    1 4f3+    1 6h1+    1 6h3+    1 6h5+    1 6h1+    1 6h3+    1 6h5+ 


   1.2  0.06496     0.115734     0.861931  0.056765  0.204331 -0.049806 -0.100007 -0.000125  0.000000  0.000000  0.000000  0.000000
                                 0.000000  0.000000  0.000000  0.000000  0.000000  0.000000  0.000000  0.000000  0.000000  0.000000

                                   1 2py     1 2py     1 2py     1 2py     1 2py     1 2py     1 4f1-    1 4f3-    1 4f1-    1 4f3- 
                                   1 4f1-    1 4f3-    1 4f1-    1 4f3-    1 6h1-    1 6h3-    1 6h5-    1 6h1-    1 6h3-    1 6h5- 


   1.3  0.06496     0.115734     0.861931  0.056765  0.204331 -0.049806 -0.100007 -0.000125  0.000000  0.000000  0.000000  0.000000
                                 0.000000  0.000000  0.000000  0.000000  0.000000  0.000000  0.000000  0.000000  0.000000  0.000000

                                   1 2pz     1 2pz     1 2pz     1 2pz     1 2pz     1 2pz     1 4f0     1 4f2+    1 4f0     1 4f2+ 
                                   1 4f0     1 4f2+    1 4f0     1 4f2+    1 6h2+    1 6h4+    1 6h0     1 6h2+    1 6h4+    1 6h0  


   1.5  0.06496     0.115734     0.861931  0.056765  0.204331 -0.049806 -0.100007 -0.000125  0.000000  0.000000  0.000000  0.000000
                                 0.000000  0.000000  0.000000  0.000000  0.000000  0.000000  0.000000  0.000000  0.000000  0.000000
 

 EXTRA SYMMETRY OF MOS IN SYMMETRY 1:   1 1 1 2 3 1 3 2 5 6   4 1 3 2 4 5 6 1 3 2   4 6 5 3 2 1
 EXTRA SYMMETRY OF MOS IN SYMMETRY 2:   1 1 1 2 3 1 2 3 1 4   5 6 2 3 6 4 5 1 2 3
 EXTRA SYMMETRY OF MOS IN SYMMETRY 3:   1 1 1 2 3 1 2 3 1 4   5 6 2 3 6 4 5 1 2 3
 EXTRA SYMMETRY OF MOS IN SYMMETRY 4:   1 1 3 2 1 3 2 1 2 3   1
 EXTRA SYMMETRY OF MOS IN SYMMETRY 5:   1 1 1 2 3 1 3 2 1 5   4 6 3 2 5 6 4 1 3 2
 EXTRA SYMMETRY OF MOS IN SYMMETRY 6:   1 1 3 2 1 2 3 1 2 3   1
 EXTRA SYMMETRY OF MOS IN SYMMETRY 8:   1 1 2 3 1 2 3 1

 Natural orbital dump at molpro section  2140.2    (Orbital set 2)



 **********************************************************************************************************************************
 DATASETS  * FILE   NREC   LENGTH (MB)   RECORD NAMES
              1      20       34.43       500      610      700      900      950      970     1000      129      960     1100   
                                          VAR    BASINP    GEOM    SYMINP    ZMAT    AOBASIS   BASIS     P2S    ABASIS      S 
                                         1400     1410     1200     1210     1080     1600     1650     1300     1700     1380   
                                           T        V       H0       H01     AOSYM     SMH    MOLCAS    ERIS     OPER     JKOP   

              2       5        5.40       700     1000      520     2100     2140   
                                         GEOM     BASIS   MCVARS     RHF     MCSCF   

 PROGRAMS   *        TOTAL     MULTI        HF       INT
 CPU TIMES  *         3.78      0.16      0.04      3.48
 REAL TIME  *         7.21 SEC
 DISK USED  *        81.66 MB      
 **********************************************************************************************************************************


 PROGRAM * FCI (Full CI)     Author: P.J. Knowles, 1984

 ***  Initialisation ***
 
 Molecular orbitals read from record     2140.2  Type=MCSCF/NATURAL (state 1.1)
 
 Frozen orbitals:              0 (  0  0  0  0  0  0  0  0)
 Active orbitals:            127 ( 26 20 20 11 20 11 11  8)
 Active electrons:             4
 Spin quantum number:          0.0

 Transformed integrals will be written to file FCIDUMP (relative to TMPDIR)
 File format: FCIDUMP.

 Load integrals                3.8 sec
 Transform integrals           6.1 sec
 Storage for integrals:        8362213
 Remaining memory:           *********

 Core energy:               0.00000000
 Run Hamiltonian processor DUMP    
 Symmetry:                   1
 Trial vector:                  0.00
 Result vector:                 0.00
 Maximum iterations:           90
 Convergence threshold:         0.0000100
 RHS vector:                    0.00
 Hamiltonian shift:             0.0000000
 Output threshold:              0.0500000
 Options:                        0
 Number of roots:             1


 **********************************************************************************************************************************
 DATASETS  * FILE   NREC   LENGTH (MB)   RECORD NAMES
              1      20       34.43       500      610      700      900      950      970     1000      129      960     1100   
                                          VAR    BASINP    GEOM    SYMINP    ZMAT    AOBASIS   BASIS     P2S    ABASIS      S 
                                         1400     1410     1200     1210     1080     1600     1650     1300     1700     1380   
                                           T        V       H0       H01     AOSYM     SMH    MOLCAS    ERIS     OPER     JKOP   

              2       5        5.40       700     1000      520     2100     2140   
                                         GEOM     BASIS   MCVARS     RHF     MCSCF   

 PROGRAMS   *        TOTAL       FCI     MULTI        HF       INT
 CPU TIMES  *        22.18     18.40      0.16      0.04      3.48
 REAL TIME  *        39.41 SEC
 DISK USED  *        81.66 MB      
 **********************************************************************************************************************************

 FCI/aug-cc-pV5Z energy=      0.000000000000

        MULTI           HF-SCF  
    -14.61682542    -14.57301251
 **********************************************************************************************************************************
 Molpro calculation terminated
 Variable memory released
